../Core/Src/main.c:181:5:main	56	static
../Core/Src/main.c:475:6:SystemClock_Config	88	static
../Core/Src/main.c:522:13:MX_ADC3_Init	56	static
../Core/Src/main.c:599:13:MX_LPUART1_UART_Init	8	static
../Core/Src/main.c:646:13:MX_TIM1_Init	40	static
../Core/Src/main.c:693:13:MX_TIM2_Init	40	static
../Core/Src/main.c:738:13:MX_TIM3_Init	56	static
../Core/Src/main.c:787:13:MX_TIM4_Init	64	static
../Core/Src/main.c:846:13:MX_TIM5_Init	40	static
../Core/Src/main.c:891:13:MX_TIM8_Init	40	static
../Core/Src/main.c:936:13:MX_DMA_Init	16	static
../Core/Src/main.c:955:13:MX_GPIO_Init	48	static
../Core/Src/main.c:1053:6:HAL_TIM_PeriodElapsedCallback	24	static
../Core/Src/main.c:1061:10:micros	12	static
../Core/Src/main.c:1066:6:QEIEncoderPos_Update	24	static
../Core/Src/main.c:1078:6:QEIEncoderVel_Update	24	static
../Core/Src/main.c:1117:6:UARTInterruptConfig	8	static
../Core/Src/main.c:1122:6:HAL_UART_RxCpltCallback	16	static
../Core/Src/main.c:1132:6:Joy_State	40	static
../Core/Src/main.c:1254:6:reset	4	static
../Core/Src/main.c:1273:6:Joy_Averaged	16	static
../Core/Src/main.c:1290:6:Trajectory	40	static
../Core/Src/main.c:1386:6:HAL_GPIO_EXTI_Callback	16	static
../Core/Src/main.c:1409:6:Error_Handler	4	static,ignoring_inline_asm
