../Core/Src/main.c:202:5:main	24	static
../Core/Src/main.c:534:6:SystemClock_Config	88	static
../Core/Src/main.c:581:13:MX_ADC3_Init	56	static
../Core/Src/main.c:658:13:MX_LPUART1_UART_Init	8	static
../Core/Src/main.c:705:13:MX_TIM2_Init	40	static
../Core/Src/main.c:750:13:MX_TIM3_Init	56	static
../Core/Src/main.c:799:13:MX_TIM4_Init	56	static
../Core/Src/main.c:848:13:MX_TIM5_Init	40	static
../Core/Src/main.c:893:13:MX_TIM8_Init	56	static
../Core/Src/main.c:944:13:MX_TIM15_Init	120	static
../Core/Src/main.c:1024:13:MX_TIM16_Init	88	static
../Core/Src/main.c:1087:13:MX_TIM17_Init	88	static
../Core/Src/main.c:1150:13:MX_TIM20_Init	56	static
../Core/Src/main.c:1199:13:MX_DMA_Init	16	static
../Core/Src/main.c:1218:13:MX_GPIO_Init	48	static
../Core/Src/main.c:1319:6:SwitchRead	8	static
../Core/Src/main.c:1324:6:ProximityRead	8	static
../Core/Src/main.c:1335:6:Motor1	16	static
../Core/Src/main.c:1350:6:Motor2	16	static
../Core/Src/main.c:1365:6:Motor3	16	static
../Core/Src/main.c:1380:6:Motor4	16	static
../Core/Src/main.c:1395:6:motorMove	8	static
../Core/Src/main.c:1402:6:MotorBrush	16	static
../Core/Src/main.c:1413:6:MotorBigBrush	16	static
../Core/Src/main.c:1424:6:EncoderRead	4	static
../Core/Src/main.c:1432:6:calculateWheelSpeeds	32	static
../Core/Src/main.c:1439:6:setMotorSpeeds	16	static
../Core/Src/main.c:1446:6:HAL_TIM_PeriodElapsedCallback	24	static
../Core/Src/main.c:1453:10:micros	12	static
../Core/Src/main.c:1458:6:QEIEncoderPosVel_Update	40	static
../Core/Src/main.c:1579:6:PIDmotor1	32	static
../Core/Src/main.c:1600:6:PIDmotor2	32	static
../Core/Src/main.c:1621:6:PIDmotor3	32	static
../Core/Src/main.c:1642:6:PIDmotor4	32	static
../Core/Src/main.c:1663:7:mapFloat	32	static
../Core/Src/main.c:1666:6:ProximityWork	24	static
../Core/Src/main.c:1903:6:nonBlockingDelay	40	static
../Core/Src/main.c:1937:6:Error_Handler	4	static,ignoring_inline_asm
