22:44:42 **** Incremental Build of configuration Debug for project testnew ****
make -j12 all 
arm-none-eabi-gcc "../Core/Src/main.c" -mcpu=cortex-m4 -std=gnu11 -g3 -DDEBUG -DUSE_HAL_DRIVER -DSTM32G474xx -c -I../Core/Inc -I../Drivers/STM32G4xx_HAL_Driver/Inc -I../Drivers/STM32G4xx_HAL_Driver/Inc/Legacy -I../Drivers/CMSIS/Device/ST/STM32G4xx/Include -I../Drivers/CMSIS/Include -O0 -ffunction-sections -fdata-sections -Wall -fstack-usage -fcyclomatic-complexity -MMD -MP -MF"Core/Src/main.d" -MT"Core/Src/main.o" --specs=nano.specs -mfpu=fpv4-sp-d16 -mfloat-abi=hard -mthumb -o "Core/Src/main.o"
../Core/Src/main.c: In function 'main':
../Core/Src/main.c:290:29: warning: passing argument 2 of 'HAL_ADC_Start_DMA' from incompatible pointer type [-Wincompatible-pointer-types]
  290 |   HAL_ADC_Start_DMA(&hadc3, joyAnalogRead, 40);
      |                             ^~~~~~~~~~~~~
      |                             |
      |                             uint16_t * {aka short unsigned int *}
In file included from ../Core/Inc/stm32g4xx_hal_conf.h:228,
                 from ../Drivers/STM32G4xx_HAL_Driver/Inc/stm32g4xx_hal.h:29,
                 from ../Core/Inc/main.h:30,
                 from ../Core/Src/main.c:20:
../Drivers/STM32G4xx_HAL_Driver/Inc/stm32g4xx_hal_adc.h:2242:78: note: expected 'uint32_t *' {aka 'long unsigned int *'} but argument is of type 'uint16_t *' {aka 'short unsigned int *'}
 2242 | HAL_StatusTypeDef       HAL_ADC_Start_DMA(ADC_HandleTypeDef *hadc, uint32_t *pData, uint32_t Length);
      |                                                                    ~~~~~~~~~~^~~~~
../Core/Src/main.c:433:52: warning: implicit declaration of function 'fabs' [-Wimplicit-function-declaration]
  433 |                                                 if(fabs(Pos-Pos_Target) <= 0.2)//Limit
      |                                                    ^~~~
../Core/Src/main.c:25:1: note: include '<math.h>' or provide a declaration of 'fabs'
   24 | #include "ModBusRTU.h"
  +++ |+#include <math.h>
   25 | /* USER CODE END Includes */
../Core/Src/main.c:433:52: warning: incompatible implicit declaration of built-in function 'fabs' [-Wbuiltin-declaration-mismatch]
  433 |                                                 if(fabs(Pos-Pos_Target) <= 0.2)//Limit
      |                                                    ^~~~
../Core/Src/main.c:433:52: note: include '<math.h>' or provide a declaration of 'fabs'
../Core/Src/main.c:480:52: warning: incompatible implicit declaration of built-in function 'fabs' [-Wbuiltin-declaration-mismatch]
  480 |                                                 if(fabs(Pos-Pos_Target) <= 0.2)//Limit
      |                                                    ^~~~
../Core/Src/main.c:480:52: note: include '<math.h>' or provide a declaration of 'fabs'
../Core/Src/main.c:504:89: warning: statement with no effect [-Wunused-value]
  504 |                                                                 registerFrame[0x10].U16 == 0b0100;
      |                                                                 ~~~~~~~~~~~~~~~~~~~~~~~~^~~~~~~~~
../Core/Src/main.c:514:89: warning: statement with no effect [-Wunused-value]
  514 |                                                                 registerFrame[0x10].U16 == 0b1000;
      |                                                                 ~~~~~~~~~~~~~~~~~~~~~~~~^~~~~~~~~
../Core/Src/main.c: In function 'QEIEncoderPos_Update':
../Core/Src/main.c:1588:41: warning: incompatible implicit declaration of built-in function 'fabs' [-Wbuiltin-declaration-mismatch]
 1588 |                 Pos     = ((QEIReadRaw-(fabs(Count)*57344))*25*3.14)/8192;
      |                                         ^~~~
../Core/Src/main.c:1588:41: note: include '<math.h>' or provide a declaration of 'fabs'
../Core/Src/main.c: In function 'QEIEncoderVel_Update':
../Core/Src/main.c:1620:14: warning: incompatible implicit declaration of built-in function 'fabs' [-Wbuiltin-declaration-mismatch]
 1620 | Accelation = fabs(speed_fill-speed_fill_1)/ 0.0001;
      |              ^~~~
../Core/Src/main.c:1620:14: note: include '<math.h>' or provide a declaration of 'fabs'
../Core/Src/main.c: In function 'Trajectory':
../Core/Src/main.c:1654:62: warning: incompatible implicit declaration of built-in function 'fabs' [-Wbuiltin-declaration-mismatch]
 1654 |                                                           if(fabs(q_Velo) >= Max_Velo)
      |                                                              ^~~~
../Core/Src/main.c:1654:62: note: include '<math.h>' or provide a declaration of 'fabs'
../Core/Src/main.c:1661:62: warning: incompatible implicit declaration of built-in function 'fabs' [-Wbuiltin-declaration-mismatch]
 1661 |                                                           if(fabs((q_Pos-Pos_Start)*2) >= fabs(Pos_Target-Pos_Start))
      |                                                              ^~~~
../Core/Src/main.c:1661:62: note: include '<math.h>' or provide a declaration of 'fabs'
../Core/Src/main.c:1673:62: warning: incompatible implicit declaration of built-in function 'fabs' [-Wbuiltin-declaration-mismatch]
 1673 |                                                           if(fabs(Pos_Target-q_Pos) <= (q_Velo*q_Velo)/(2*Max_Acc))
      |                                                              ^~~~
../Core/Src/main.c:1673:62: note: include '<math.h>' or provide a declaration of 'fabs'
../Core/Src/main.c:1685:62: warning: incompatible implicit declaration of built-in function 'fabs' [-Wbuiltin-declaration-mismatch]
 1685 |                                                           if(fabs(q_Velo) <= 0)
      |                                                              ^~~~
../Core/Src/main.c:1685:62: note: include '<math.h>' or provide a declaration of 'fabs'
In file included from ../Core/Inc/stm32g4xx_hal_conf.h:344:
../Core/Src/main.c: In function 'PIDposition':
../Core/Src/main.c:1744:64: warning: incompatible implicit declaration of built-in function 'fabs' [-Wbuiltin-declaration-mismatch]
 1744 |                   __HAL_TIM_SET_COMPARE(&htim4, TIM_CHANNEL_1, fabs(Velocontrol.Output[NEW]));
      |                                                                ^~~~
../Drivers/STM32G4xx_HAL_Driver/Inc/stm32g4xx_hal_tim.h:1672:72: note: in definition of macro '__HAL_TIM_SET_COMPARE'
 1672 |   (((__CHANNEL__) == TIM_CHANNEL_1) ? ((__HANDLE__)->Instance->CCR1 = (__COMPARE__)) :\
      |                                                                        ^~~~~~~~~~~
../Core/Src/main.c:1744:64: note: include '<math.h>' or provide a declaration of 'fabs'
 1744 |                   __HAL_TIM_SET_COMPARE(&htim4, TIM_CHANNEL_1, fabs(Velocontrol.Output[NEW]));
      |                                                                ^~~~
../Drivers/STM32G4xx_HAL_Driver/Inc/stm32g4xx_hal_tim.h:1672:72: note: in definition of macro '__HAL_TIM_SET_COMPARE'
 1672 |   (((__CHANNEL__) == TIM_CHANNEL_1) ? ((__HANDLE__)->Instance->CCR1 = (__COMPARE__)) :\
      |                                                                        ^~~~~~~~~~~
../Core/Src/main.c: In function 'UpdatePosRoutine':
../Core/Src/main.c:1794:35: warning: incompatible implicit declaration of built-in function 'fabs' [-Wbuiltin-declaration-mismatch]
 1794 |         registerFrame[0x11].U16 = fabs(Pos)*10;
      |                                   ^~~~
../Core/Src/main.c:1794:35: note: include '<math.h>' or provide a declaration of 'fabs'
arm-none-eabi-gcc -o "testnew.elf" @"objects.list"   -mcpu=cortex-m4 -T"C:\Users\AAA\STM32CubeIDE\workspace_1.14.1\StudioOneDOFG.6\testnew\STM32G474RETX_FLASH.ld" --specs=nosys.specs -Wl,-Map="testnew.map" -Wl,--gc-sections -static --specs=nano.specs -mfpu=fpv4-sp-d16 -mfloat-abi=hard -mthumb -Wl,--start-group -lc -lm -Wl,--end-group
C:/ST/STM32CubeIDE_1.14.1/STM32CubeIDE/plugins/com.st.stm32cube.ide.mcu.externaltools.gnu-tools-for-stm32.12.3.rel1.win32_1.0.100.202403111256/tools/bin/../lib/gcc/arm-none-eabi/12.3.1/../../../../arm-none-eabi/bin/ld.exe: warning: testnew.elf has a LOAD segment with RWX permissions
Finished building target: testnew.elf
 
arm-none-eabi-size  testnew.elf 
arm-none-eabi-objdump -h -S testnew.elf  > "testnew.list"
   text	   data	    bss	    dec	    hex	filename
  48096	    552	   6008	  54656	   d580	testnew.elf
Finished building: default.size.stdout
 
Finished building: testnew.list
 
17:09:37 **** Incremental Build of configuration Debug for project testnew ****
make -j12 all 
arm-none-eabi-size  testnew.elf 
   text	   data	    bss	    dec	    hex	filename
  48096	    552	   6008	  54656	   d580	testnew.elf
Finished building: default.size.stdout
 
17:10:12 **** Incremental Build of configuration Debug for project testnew ****
make -j12 all 
arm-none-eabi-size  testnew.elf 
   text	   data	    bss	    dec	    hex	filename
  48096	    552	   6008	  54656	   d580	testnew.elf
Finished building: default.size.stdout
 
17:15:05 **** Incremental Build of configuration Debug for project testnew ****
make -j12 all 
arm-none-eabi-gcc "../Core/Src/main.c" -mcpu=cortex-m4 -std=gnu11 -g3 -DDEBUG -DUSE_HAL_DRIVER -DSTM32G474xx -c -I../Core/Inc -I../Drivers/STM32G4xx_HAL_Driver/Inc -I../Drivers/STM32G4xx_HAL_Driver/Inc/Legacy -I../Drivers/CMSIS/Device/ST/STM32G4xx/Include -I../Drivers/CMSIS/Include -O0 -ffunction-sections -fdata-sections -Wall -fstack-usage -fcyclomatic-complexity -MMD -MP -MF"Core/Src/main.d" -MT"Core/Src/main.o" --specs=nano.specs -mfpu=fpv4-sp-d16 -mfloat-abi=hard -mthumb -o "Core/Src/main.o"
../Core/Src/main.c: In function 'main':
../Core/Src/main.c:290:29: warning: passing argument 2 of 'HAL_ADC_Start_DMA' from incompatible pointer type [-Wincompatible-pointer-types]
  290 |   HAL_ADC_Start_DMA(&hadc3, joyAnalogRead, 40);
      |                             ^~~~~~~~~~~~~
      |                             |
      |                             uint16_t * {aka short unsigned int *}
In file included from ../Core/Inc/stm32g4xx_hal_conf.h:228,
                 from ../Drivers/STM32G4xx_HAL_Driver/Inc/stm32g4xx_hal.h:29,
                 from ../Core/Inc/main.h:30,
                 from ../Core/Src/main.c:20:
../Drivers/STM32G4xx_HAL_Driver/Inc/stm32g4xx_hal_adc.h:2242:78: note: expected 'uint32_t *' {aka 'long unsigned int *'} but argument is of type 'uint16_t *' {aka 'short unsigned int *'}
 2242 | HAL_StatusTypeDef       HAL_ADC_Start_DMA(ADC_HandleTypeDef *hadc, uint32_t *pData, uint32_t Length);
      |                                                                    ~~~~~~~~~~^~~~~
../Core/Src/main.c:433:52: warning: implicit declaration of function 'fabs' [-Wimplicit-function-declaration]
  433 |                                                 if(fabs(Pos-Pos_Target) <= 0.2)//Limit
      |                                                    ^~~~
../Core/Src/main.c:25:1: note: include '<math.h>' or provide a declaration of 'fabs'
   24 | #include "ModBusRTU.h"
  +++ |+#include <math.h>
   25 | /* USER CODE END Includes */
../Core/Src/main.c:433:52: warning: incompatible implicit declaration of built-in function 'fabs' [-Wbuiltin-declaration-mismatch]
  433 |                                                 if(fabs(Pos-Pos_Target) <= 0.2)//Limit
      |                                                    ^~~~
../Core/Src/main.c:433:52: note: include '<math.h>' or provide a declaration of 'fabs'
../Core/Src/main.c:480:52: warning: incompatible implicit declaration of built-in function 'fabs' [-Wbuiltin-declaration-mismatch]
  480 |                                                 if(fabs(Pos-Pos_Target) <= 0.2)//Limit
      |                                                    ^~~~
../Core/Src/main.c:480:52: note: include '<math.h>' or provide a declaration of 'fabs'
../Core/Src/main.c:504:89: warning: statement with no effect [-Wunused-value]
  504 |                                                                 registerFrame[0x10].U16 == 0b0100;
      |                                                                 ~~~~~~~~~~~~~~~~~~~~~~~~^~~~~~~~~
../Core/Src/main.c:514:89: warning: statement with no effect [-Wunused-value]
  514 |                                                                 registerFrame[0x10].U16 == 0b1000;
      |                                                                 ~~~~~~~~~~~~~~~~~~~~~~~~^~~~~~~~~
../Core/Src/main.c: In function 'QEIEncoderPos_Update':
../Core/Src/main.c:1588:41: warning: incompatible implicit declaration of built-in function 'fabs' [-Wbuiltin-declaration-mismatch]
 1588 |                 Pos     = ((QEIReadRaw-(fabs(Count)*57344))*25*3.14)/8192;
      |                                         ^~~~
../Core/Src/main.c:1588:41: note: include '<math.h>' or provide a declaration of 'fabs'
../Core/Src/main.c: In function 'QEIEncoderVel_Update':
../Core/Src/main.c:1620:14: warning: incompatible implicit declaration of built-in function 'fabs' [-Wbuiltin-declaration-mismatch]
 1620 | Accelation = fabs(speed_fill-speed_fill_1)/ diffTime;
      |              ^~~~
../Core/Src/main.c:1620:14: note: include '<math.h>' or provide a declaration of 'fabs'
../Core/Src/main.c: In function 'Trajectory':
../Core/Src/main.c:1654:62: warning: incompatible implicit declaration of built-in function 'fabs' [-Wbuiltin-declaration-mismatch]
 1654 |                                                           if(fabs(q_Velo) >= Max_Velo)
      |                                                              ^~~~
../Core/Src/main.c:1654:62: note: include '<math.h>' or provide a declaration of 'fabs'
../Core/Src/main.c:1661:62: warning: incompatible implicit declaration of built-in function 'fabs' [-Wbuiltin-declaration-mismatch]
 1661 |                                                           if(fabs((q_Pos-Pos_Start)*2) >= fabs(Pos_Target-Pos_Start))
      |                                                              ^~~~
../Core/Src/main.c:1661:62: note: include '<math.h>' or provide a declaration of 'fabs'
../Core/Src/main.c:1673:62: warning: incompatible implicit declaration of built-in function 'fabs' [-Wbuiltin-declaration-mismatch]
 1673 |                                                           if(fabs(Pos_Target-q_Pos) <= (q_Velo*q_Velo)/(2*Max_Acc))
      |                                                              ^~~~
../Core/Src/main.c:1673:62: note: include '<math.h>' or provide a declaration of 'fabs'
../Core/Src/main.c:1685:62: warning: incompatible implicit declaration of built-in function 'fabs' [-Wbuiltin-declaration-mismatch]
 1685 |                                                           if(fabs(q_Velo) <= 0)
      |                                                              ^~~~
../Core/Src/main.c:1685:62: note: include '<math.h>' or provide a declaration of 'fabs'
In file included from ../Core/Inc/stm32g4xx_hal_conf.h:344:
../Core/Src/main.c: In function 'PIDposition':
../Core/Src/main.c:1744:64: warning: incompatible implicit declaration of built-in function 'fabs' [-Wbuiltin-declaration-mismatch]
 1744 |                   __HAL_TIM_SET_COMPARE(&htim4, TIM_CHANNEL_1, fabs(Velocontrol.Output[NEW]));
      |                                                                ^~~~
../Drivers/STM32G4xx_HAL_Driver/Inc/stm32g4xx_hal_tim.h:1672:72: note: in definition of macro '__HAL_TIM_SET_COMPARE'
 1672 |   (((__CHANNEL__) == TIM_CHANNEL_1) ? ((__HANDLE__)->Instance->CCR1 = (__COMPARE__)) :\
      |                                                                        ^~~~~~~~~~~
../Core/Src/main.c:1744:64: note: include '<math.h>' or provide a declaration of 'fabs'
 1744 |                   __HAL_TIM_SET_COMPARE(&htim4, TIM_CHANNEL_1, fabs(Velocontrol.Output[NEW]));
      |                                                                ^~~~
../Drivers/STM32G4xx_HAL_Driver/Inc/stm32g4xx_hal_tim.h:1672:72: note: in definition of macro '__HAL_TIM_SET_COMPARE'
 1672 |   (((__CHANNEL__) == TIM_CHANNEL_1) ? ((__HANDLE__)->Instance->CCR1 = (__COMPARE__)) :\
      |                                                                        ^~~~~~~~~~~
../Core/Src/main.c: In function 'UpdatePosRoutine':
../Core/Src/main.c:1794:35: warning: incompatible implicit declaration of built-in function 'fabs' [-Wbuiltin-declaration-mismatch]
 1794 |         registerFrame[0x11].U16 = fabs(Pos)*10;
      |                                   ^~~~
../Core/Src/main.c:1794:35: note: include '<math.h>' or provide a declaration of 'fabs'
arm-none-eabi-gcc -o "testnew.elf" @"objects.list"   -mcpu=cortex-m4 -T"C:\Users\AAA\STM32CubeIDE\workspace_1.14.1\StudioOneDOFG.6\testnew\STM32G474RETX_FLASH.ld" --specs=nosys.specs -Wl,-Map="testnew.map" -Wl,--gc-sections -static --specs=nano.specs -mfpu=fpv4-sp-d16 -mfloat-abi=hard -mthumb -Wl,--start-group -lc -lm -Wl,--end-group
C:/ST/STM32CubeIDE_1.14.1/STM32CubeIDE/plugins/com.st.stm32cube.ide.mcu.externaltools.gnu-tools-for-stm32.12.3.rel1.win32_1.0.100.202403111256/tools/bin/../lib/gcc/arm-none-eabi/12.3.1/../../../../arm-none-eabi/bin/ld.exe: warning: testnew.elf has a LOAD segment with RWX permissions
Finished building target: testnew.elf
 
arm-none-eabi-size  testnew.elf 
arm-none-eabi-objdump -h -S testnew.elf  > "testnew.list"
   text	   data	    bss	    dec	    hex	filename
  48064	    552	   6008	  54624	   d560	testnew.elf
Finished building: default.size.stdout
 
Finished building: testnew.list
 
17:15:41 **** Incremental Build of configuration Debug for project testnew ****
make -j12 all 
arm-none-eabi-size  testnew.elf 
   text	   data	    bss	    dec	    hex	filename
  48064	    552	   6008	  54624	   d560	testnew.elf
Finished building: default.size.stdout
 
17:24:58 **** Incremental Build of configuration Debug for project testnew ****
make -j12 all 
arm-none-eabi-gcc "../Core/Src/main.c" -mcpu=cortex-m4 -std=gnu11 -g3 -DDEBUG -DUSE_HAL_DRIVER -DSTM32G474xx -c -I../Core/Inc -I../Drivers/STM32G4xx_HAL_Driver/Inc -I../Drivers/STM32G4xx_HAL_Driver/Inc/Legacy -I../Drivers/CMSIS/Device/ST/STM32G4xx/Include -I../Drivers/CMSIS/Include -O0 -ffunction-sections -fdata-sections -Wall -fstack-usage -fcyclomatic-complexity -MMD -MP -MF"Core/Src/main.d" -MT"Core/Src/main.o" --specs=nano.specs -mfpu=fpv4-sp-d16 -mfloat-abi=hard -mthumb -o "Core/Src/main.o"
../Core/Src/main.c: In function 'main':
../Core/Src/main.c:290:29: warning: passing argument 2 of 'HAL_ADC_Start_DMA' from incompatible pointer type [-Wincompatible-pointer-types]
  290 |   HAL_ADC_Start_DMA(&hadc3, joyAnalogRead, 40);
      |                             ^~~~~~~~~~~~~
      |                             |
      |                             uint16_t * {aka short unsigned int *}
In file included from ../Core/Inc/stm32g4xx_hal_conf.h:228,
                 from ../Drivers/STM32G4xx_HAL_Driver/Inc/stm32g4xx_hal.h:29,
                 from ../Core/Inc/main.h:30,
                 from ../Core/Src/main.c:20:
../Drivers/STM32G4xx_HAL_Driver/Inc/stm32g4xx_hal_adc.h:2242:78: note: expected 'uint32_t *' {aka 'long unsigned int *'} but argument is of type 'uint16_t *' {aka 'short unsigned int *'}
 2242 | HAL_StatusTypeDef       HAL_ADC_Start_DMA(ADC_HandleTypeDef *hadc, uint32_t *pData, uint32_t Length);
      |                                                                    ~~~~~~~~~~^~~~~
../Core/Src/main.c:433:52: warning: implicit declaration of function 'fabs' [-Wimplicit-function-declaration]
  433 |                                                 if(fabs(Pos-Pos_Target) <= 0.2)//Limit
      |                                                    ^~~~
../Core/Src/main.c:25:1: note: include '<math.h>' or provide a declaration of 'fabs'
   24 | #include "ModBusRTU.h"
  +++ |+#include <math.h>
   25 | /* USER CODE END Includes */
../Core/Src/main.c:433:52: warning: incompatible implicit declaration of built-in function 'fabs' [-Wbuiltin-declaration-mismatch]
  433 |                                                 if(fabs(Pos-Pos_Target) <= 0.2)//Limit
      |                                                    ^~~~
../Core/Src/main.c:433:52: note: include '<math.h>' or provide a declaration of 'fabs'
../Core/Src/main.c:480:52: warning: incompatible implicit declaration of built-in function 'fabs' [-Wbuiltin-declaration-mismatch]
  480 |                                                 if(fabs(Pos-Pos_Target) <= 0.2)//Limit
      |                                                    ^~~~
../Core/Src/main.c:480:52: note: include '<math.h>' or provide a declaration of 'fabs'
../Core/Src/main.c:504:89: warning: statement with no effect [-Wunused-value]
  504 |                                                                 registerFrame[0x10].U16 == 0b0100;
      |                                                                 ~~~~~~~~~~~~~~~~~~~~~~~~^~~~~~~~~
../Core/Src/main.c:514:89: warning: statement with no effect [-Wunused-value]
  514 |                                                                 registerFrame[0x10].U16 == 0b1000;
      |                                                                 ~~~~~~~~~~~~~~~~~~~~~~~~^~~~~~~~~
../Core/Src/main.c: In function 'QEIEncoderPos_Update':
../Core/Src/main.c:1588:41: warning: incompatible implicit declaration of built-in function 'fabs' [-Wbuiltin-declaration-mismatch]
 1588 |                 Pos     = ((QEIReadRaw-(fabs(Count)*57344))*25*3.14)/8192;
      |                                         ^~~~
../Core/Src/main.c:1588:41: note: include '<math.h>' or provide a declaration of 'fabs'
../Core/Src/main.c: In function 'QEIEncoderVel_Update':
../Core/Src/main.c:1623:14: warning: incompatible implicit declaration of built-in function 'fabs' [-Wbuiltin-declaration-mismatch]
 1623 | Accelation = fabs(speed_fill-speed_fill_1)/ diffTime;
      |              ^~~~
../Core/Src/main.c:1623:14: note: include '<math.h>' or provide a declaration of 'fabs'
../Core/Src/main.c: In function 'Trajectory':
../Core/Src/main.c:1661:62: warning: incompatible implicit declaration of built-in function 'fabs' [-Wbuiltin-declaration-mismatch]
 1661 |                                                           if(fabs(q_Velo) >= Max_Velo)
      |                                                              ^~~~
../Core/Src/main.c:1661:62: note: include '<math.h>' or provide a declaration of 'fabs'
../Core/Src/main.c:1668:62: warning: incompatible implicit declaration of built-in function 'fabs' [-Wbuiltin-declaration-mismatch]
 1668 |                                                           if(fabs((q_Pos-Pos_Start)*2) >= fabs(Pos_Target-Pos_Start))
      |                                                              ^~~~
../Core/Src/main.c:1668:62: note: include '<math.h>' or provide a declaration of 'fabs'
../Core/Src/main.c:1680:62: warning: incompatible implicit declaration of built-in function 'fabs' [-Wbuiltin-declaration-mismatch]
 1680 |                                                           if(fabs(Pos_Target-q_Pos) <= (q_Velo*q_Velo)/(2*Max_Acc))
      |                                                              ^~~~
../Core/Src/main.c:1680:62: note: include '<math.h>' or provide a declaration of 'fabs'
../Core/Src/main.c:1692:62: warning: incompatible implicit declaration of built-in function 'fabs' [-Wbuiltin-declaration-mismatch]
 1692 |                                                           if(fabs(q_Velo) <= 0)
      |                                                              ^~~~
../Core/Src/main.c:1692:62: note: include '<math.h>' or provide a declaration of 'fabs'
In file included from ../Core/Inc/stm32g4xx_hal_conf.h:344:
../Core/Src/main.c: In function 'PIDposition':
../Core/Src/main.c:1751:64: warning: incompatible implicit declaration of built-in function 'fabs' [-Wbuiltin-declaration-mismatch]
 1751 |                   __HAL_TIM_SET_COMPARE(&htim4, TIM_CHANNEL_1, fabs(Velocontrol.Output[NEW]));
      |                                                                ^~~~
../Drivers/STM32G4xx_HAL_Driver/Inc/stm32g4xx_hal_tim.h:1672:72: note: in definition of macro '__HAL_TIM_SET_COMPARE'
 1672 |   (((__CHANNEL__) == TIM_CHANNEL_1) ? ((__HANDLE__)->Instance->CCR1 = (__COMPARE__)) :\
      |                                                                        ^~~~~~~~~~~
../Core/Src/main.c:1751:64: note: include '<math.h>' or provide a declaration of 'fabs'
 1751 |                   __HAL_TIM_SET_COMPARE(&htim4, TIM_CHANNEL_1, fabs(Velocontrol.Output[NEW]));
      |                                                                ^~~~
../Drivers/STM32G4xx_HAL_Driver/Inc/stm32g4xx_hal_tim.h:1672:72: note: in definition of macro '__HAL_TIM_SET_COMPARE'
 1672 |   (((__CHANNEL__) == TIM_CHANNEL_1) ? ((__HANDLE__)->Instance->CCR1 = (__COMPARE__)) :\
      |                                                                        ^~~~~~~~~~~
../Core/Src/main.c: In function 'UpdatePosRoutine':
../Core/Src/main.c:1801:35: warning: incompatible implicit declaration of built-in function 'fabs' [-Wbuiltin-declaration-mismatch]
 1801 |         registerFrame[0x11].U16 = fabs(Pos)*10;
      |                                   ^~~~
../Core/Src/main.c:1801:35: note: include '<math.h>' or provide a declaration of 'fabs'
arm-none-eabi-gcc -o "testnew.elf" @"objects.list"   -mcpu=cortex-m4 -T"C:\Users\AAA\STM32CubeIDE\workspace_1.14.1\StudioOneDOFG.6\testnew\STM32G474RETX_FLASH.ld" --specs=nosys.specs -Wl,-Map="testnew.map" -Wl,--gc-sections -static --specs=nano.specs -mfpu=fpv4-sp-d16 -mfloat-abi=hard -mthumb -Wl,--start-group -lc -lm -Wl,--end-group
C:/ST/STM32CubeIDE_1.14.1/STM32CubeIDE/plugins/com.st.stm32cube.ide.mcu.externaltools.gnu-tools-for-stm32.12.3.rel1.win32_1.0.100.202403111256/tools/bin/../lib/gcc/arm-none-eabi/12.3.1/../../../../arm-none-eabi/bin/ld.exe: warning: testnew.elf has a LOAD segment with RWX permissions
Finished building target: testnew.elf
 
arm-none-eabi-size  testnew.elf 
arm-none-eabi-objdump -h -S testnew.elf  > "testnew.list"
   text	   data	    bss	    dec	    hex	filename
  48112	    552	   6016	  54680	   d598	testnew.elf
Finished building: default.size.stdout
 
Finished building: testnew.list
 
17:26:10 **** Incremental Build of configuration Debug for project testnew ****
make -j12 all 
arm-none-eabi-gcc "../Core/Src/main.c" -mcpu=cortex-m4 -std=gnu11 -g3 -DDEBUG -DUSE_HAL_DRIVER -DSTM32G474xx -c -I../Core/Inc -I../Drivers/STM32G4xx_HAL_Driver/Inc -I../Drivers/STM32G4xx_HAL_Driver/Inc/Legacy -I../Drivers/CMSIS/Device/ST/STM32G4xx/Include -I../Drivers/CMSIS/Include -O0 -ffunction-sections -fdata-sections -Wall -fstack-usage -fcyclomatic-complexity -MMD -MP -MF"Core/Src/main.d" -MT"Core/Src/main.o" --specs=nano.specs -mfpu=fpv4-sp-d16 -mfloat-abi=hard -mthumb -o "Core/Src/main.o"
../Core/Src/main.c: In function 'main':
../Core/Src/main.c:290:29: warning: passing argument 2 of 'HAL_ADC_Start_DMA' from incompatible pointer type [-Wincompatible-pointer-types]
  290 |   HAL_ADC_Start_DMA(&hadc3, joyAnalogRead, 40);
      |                             ^~~~~~~~~~~~~
      |                             |
      |                             uint16_t * {aka short unsigned int *}
In file included from ../Core/Inc/stm32g4xx_hal_conf.h:228,
                 from ../Drivers/STM32G4xx_HAL_Driver/Inc/stm32g4xx_hal.h:29,
                 from ../Core/Inc/main.h:30,
                 from ../Core/Src/main.c:20:
../Drivers/STM32G4xx_HAL_Driver/Inc/stm32g4xx_hal_adc.h:2242:78: note: expected 'uint32_t *' {aka 'long unsigned int *'} but argument is of type 'uint16_t *' {aka 'short unsigned int *'}
 2242 | HAL_StatusTypeDef       HAL_ADC_Start_DMA(ADC_HandleTypeDef *hadc, uint32_t *pData, uint32_t Length);
      |                                                                    ~~~~~~~~~~^~~~~
../Core/Src/main.c:433:52: warning: implicit declaration of function 'fabs' [-Wimplicit-function-declaration]
  433 |                                                 if(fabs(Pos-Pos_Target) <= 0.2)//Limit
      |                                                    ^~~~
../Core/Src/main.c:25:1: note: include '<math.h>' or provide a declaration of 'fabs'
   24 | #include "ModBusRTU.h"
  +++ |+#include <math.h>
   25 | /* USER CODE END Includes */
../Core/Src/main.c:433:52: warning: incompatible implicit declaration of built-in function 'fabs' [-Wbuiltin-declaration-mismatch]
  433 |                                                 if(fabs(Pos-Pos_Target) <= 0.2)//Limit
      |                                                    ^~~~
../Core/Src/main.c:433:52: note: include '<math.h>' or provide a declaration of 'fabs'
../Core/Src/main.c:480:52: warning: incompatible implicit declaration of built-in function 'fabs' [-Wbuiltin-declaration-mismatch]
  480 |                                                 if(fabs(Pos-Pos_Target) <= 0.2)//Limit
      |                                                    ^~~~
../Core/Src/main.c:480:52: note: include '<math.h>' or provide a declaration of 'fabs'
../Core/Src/main.c:504:89: warning: statement with no effect [-Wunused-value]
  504 |                                                                 registerFrame[0x10].U16 == 0b0100;
      |                                                                 ~~~~~~~~~~~~~~~~~~~~~~~~^~~~~~~~~
../Core/Src/main.c:514:89: warning: statement with no effect [-Wunused-value]
  514 |                                                                 registerFrame[0x10].U16 == 0b1000;
      |                                                                 ~~~~~~~~~~~~~~~~~~~~~~~~^~~~~~~~~
../Core/Src/main.c: In function 'QEIEncoderPos_Update':
../Core/Src/main.c:1588:41: warning: incompatible implicit declaration of built-in function 'fabs' [-Wbuiltin-declaration-mismatch]
 1588 |                 Pos     = ((QEIReadRaw-(fabs(Count)*57344))*25*3.14)/8192;
      |                                         ^~~~
../Core/Src/main.c:1588:41: note: include '<math.h>' or provide a declaration of 'fabs'
../Core/Src/main.c: In function 'QEIEncoderVel_Update':
../Core/Src/main.c:1623:14: warning: incompatible implicit declaration of built-in function 'fabs' [-Wbuiltin-declaration-mismatch]
 1623 | Accelation = fabs(speed_fill-speed_fill_1)/0.01;
      |              ^~~~
../Core/Src/main.c:1623:14: note: include '<math.h>' or provide a declaration of 'fabs'
../Core/Src/main.c: In function 'Trajectory':
../Core/Src/main.c:1661:62: warning: incompatible implicit declaration of built-in function 'fabs' [-Wbuiltin-declaration-mismatch]
 1661 |                                                           if(fabs(q_Velo) >= Max_Velo)
      |                                                              ^~~~
../Core/Src/main.c:1661:62: note: include '<math.h>' or provide a declaration of 'fabs'
../Core/Src/main.c:1668:62: warning: incompatible implicit declaration of built-in function 'fabs' [-Wbuiltin-declaration-mismatch]
 1668 |                                                           if(fabs((q_Pos-Pos_Start)*2) >= fabs(Pos_Target-Pos_Start))
      |                                                              ^~~~
../Core/Src/main.c:1668:62: note: include '<math.h>' or provide a declaration of 'fabs'
../Core/Src/main.c:1680:62: warning: incompatible implicit declaration of built-in function 'fabs' [-Wbuiltin-declaration-mismatch]
 1680 |                                                           if(fabs(Pos_Target-q_Pos) <= (q_Velo*q_Velo)/(2*Max_Acc))
      |                                                              ^~~~
../Core/Src/main.c:1680:62: note: include '<math.h>' or provide a declaration of 'fabs'
../Core/Src/main.c:1692:62: warning: incompatible implicit declaration of built-in function 'fabs' [-Wbuiltin-declaration-mismatch]
 1692 |                                                           if(fabs(q_Velo) <= 0)
      |                                                              ^~~~
../Core/Src/main.c:1692:62: note: include '<math.h>' or provide a declaration of 'fabs'
In file included from ../Core/Inc/stm32g4xx_hal_conf.h:344:
../Core/Src/main.c: In function 'PIDposition':
../Core/Src/main.c:1751:64: warning: incompatible implicit declaration of built-in function 'fabs' [-Wbuiltin-declaration-mismatch]
 1751 |                   __HAL_TIM_SET_COMPARE(&htim4, TIM_CHANNEL_1, fabs(Velocontrol.Output[NEW]));
      |                                                                ^~~~
../Drivers/STM32G4xx_HAL_Driver/Inc/stm32g4xx_hal_tim.h:1672:72: note: in definition of macro '__HAL_TIM_SET_COMPARE'
 1672 |   (((__CHANNEL__) == TIM_CHANNEL_1) ? ((__HANDLE__)->Instance->CCR1 = (__COMPARE__)) :\
      |                                                                        ^~~~~~~~~~~
../Core/Src/main.c:1751:64: note: include '<math.h>' or provide a declaration of 'fabs'
 1751 |                   __HAL_TIM_SET_COMPARE(&htim4, TIM_CHANNEL_1, fabs(Velocontrol.Output[NEW]));
      |                                                                ^~~~
../Drivers/STM32G4xx_HAL_Driver/Inc/stm32g4xx_hal_tim.h:1672:72: note: in definition of macro '__HAL_TIM_SET_COMPARE'
 1672 |   (((__CHANNEL__) == TIM_CHANNEL_1) ? ((__HANDLE__)->Instance->CCR1 = (__COMPARE__)) :\
      |                                                                        ^~~~~~~~~~~
../Core/Src/main.c: In function 'UpdatePosRoutine':
../Core/Src/main.c:1801:35: warning: incompatible implicit declaration of built-in function 'fabs' [-Wbuiltin-declaration-mismatch]
 1801 |         registerFrame[0x11].U16 = fabs(Pos)*10;
      |                                   ^~~~
../Core/Src/main.c:1801:35: note: include '<math.h>' or provide a declaration of 'fabs'
arm-none-eabi-gcc -o "testnew.elf" @"objects.list"   -mcpu=cortex-m4 -T"C:\Users\AAA\STM32CubeIDE\workspace_1.14.1\StudioOneDOFG.6\testnew\STM32G474RETX_FLASH.ld" --specs=nosys.specs -Wl,-Map="testnew.map" -Wl,--gc-sections -static --specs=nano.specs -mfpu=fpv4-sp-d16 -mfloat-abi=hard -mthumb -Wl,--start-group -lc -lm -Wl,--end-group
C:/ST/STM32CubeIDE_1.14.1/STM32CubeIDE/plugins/com.st.stm32cube.ide.mcu.externaltools.gnu-tools-for-stm32.12.3.rel1.win32_1.0.100.202403111256/tools/bin/../lib/gcc/arm-none-eabi/12.3.1/../../../../arm-none-eabi/bin/ld.exe: warning: testnew.elf has a LOAD segment with RWX permissions
Finished building target: testnew.elf
 
arm-none-eabi-size  testnew.elf 
arm-none-eabi-objdump -h -S testnew.elf  > "testnew.list"
   text	   data	    bss	    dec	    hex	filename
  48144	    552	   6016	  54712	   d5b8	testnew.elf
Finished building: default.size.stdout
 
Finished building: testnew.list
 
17:31:12 **** Incremental Build of configuration Debug for project testnew ****
make -j12 all 
arm-none-eabi-gcc "../Core/Src/main.c" -mcpu=cortex-m4 -std=gnu11 -g3 -DDEBUG -DUSE_HAL_DRIVER -DSTM32G474xx -c -I../Core/Inc -I../Drivers/STM32G4xx_HAL_Driver/Inc -I../Drivers/STM32G4xx_HAL_Driver/Inc/Legacy -I../Drivers/CMSIS/Device/ST/STM32G4xx/Include -I../Drivers/CMSIS/Include -O0 -ffunction-sections -fdata-sections -Wall -fstack-usage -fcyclomatic-complexity -MMD -MP -MF"Core/Src/main.d" -MT"Core/Src/main.o" --specs=nano.specs -mfpu=fpv4-sp-d16 -mfloat-abi=hard -mthumb -o "Core/Src/main.o"
../Core/Src/main.c: In function 'main':
../Core/Src/main.c:290:29: warning: passing argument 2 of 'HAL_ADC_Start_DMA' from incompatible pointer type [-Wincompatible-pointer-types]
  290 |   HAL_ADC_Start_DMA(&hadc3, joyAnalogRead, 40);
      |                             ^~~~~~~~~~~~~
      |                             |
      |                             uint16_t * {aka short unsigned int *}
In file included from ../Core/Inc/stm32g4xx_hal_conf.h:228,
                 from ../Drivers/STM32G4xx_HAL_Driver/Inc/stm32g4xx_hal.h:29,
                 from ../Core/Inc/main.h:30,
                 from ../Core/Src/main.c:20:
../Drivers/STM32G4xx_HAL_Driver/Inc/stm32g4xx_hal_adc.h:2242:78: note: expected 'uint32_t *' {aka 'long unsigned int *'} but argument is of type 'uint16_t *' {aka 'short unsigned int *'}
 2242 | HAL_StatusTypeDef       HAL_ADC_Start_DMA(ADC_HandleTypeDef *hadc, uint32_t *pData, uint32_t Length);
      |                                                                    ~~~~~~~~~~^~~~~
../Core/Src/main.c:434:52: warning: implicit declaration of function 'fabs' [-Wimplicit-function-declaration]
  434 |                                                 if(fabs(Pos-Pos_Target) <= 0.2)//Limit
      |                                                    ^~~~
../Core/Src/main.c:25:1: note: include '<math.h>' or provide a declaration of 'fabs'
   24 | #include "ModBusRTU.h"
  +++ |+#include <math.h>
   25 | /* USER CODE END Includes */
../Core/Src/main.c:434:52: warning: incompatible implicit declaration of built-in function 'fabs' [-Wbuiltin-declaration-mismatch]
  434 |                                                 if(fabs(Pos-Pos_Target) <= 0.2)//Limit
      |                                                    ^~~~
../Core/Src/main.c:434:52: note: include '<math.h>' or provide a declaration of 'fabs'
../Core/Src/main.c:481:52: warning: incompatible implicit declaration of built-in function 'fabs' [-Wbuiltin-declaration-mismatch]
  481 |                                                 if(fabs(Pos-Pos_Target) <= 0.2)//Limit
      |                                                    ^~~~
../Core/Src/main.c:481:52: note: include '<math.h>' or provide a declaration of 'fabs'
../Core/Src/main.c:505:89: warning: statement with no effect [-Wunused-value]
  505 |                                                                 registerFrame[0x10].U16 == 0b0100;
      |                                                                 ~~~~~~~~~~~~~~~~~~~~~~~~^~~~~~~~~
../Core/Src/main.c:515:89: warning: statement with no effect [-Wunused-value]
  515 |                                                                 registerFrame[0x10].U16 == 0b1000;
      |                                                                 ~~~~~~~~~~~~~~~~~~~~~~~~^~~~~~~~~
../Core/Src/main.c: In function 'QEIEncoderPos_Update':
../Core/Src/main.c:1589:41: warning: incompatible implicit declaration of built-in function 'fabs' [-Wbuiltin-declaration-mismatch]
 1589 |                 Pos     = ((QEIReadRaw-(fabs(Count)*57344))*25*3.14)/8192;
      |                                         ^~~~
../Core/Src/main.c:1589:41: note: include '<math.h>' or provide a declaration of 'fabs'
../Core/Src/main.c: In function 'QEIEncoderVel_Update':
../Core/Src/main.c:1624:14: warning: incompatible implicit declaration of built-in function 'fabs' [-Wbuiltin-declaration-mismatch]
 1624 | Accelation = fabs(speed_fill-speed_fill_1)/0.01;
      |              ^~~~
../Core/Src/main.c:1624:14: note: include '<math.h>' or provide a declaration of 'fabs'
../Core/Src/main.c: In function 'Trajectory':
../Core/Src/main.c:1662:62: warning: incompatible implicit declaration of built-in function 'fabs' [-Wbuiltin-declaration-mismatch]
 1662 |                                                           if(fabs(q_Velo) >= Max_Velo)
      |                                                              ^~~~
../Core/Src/main.c:1662:62: note: include '<math.h>' or provide a declaration of 'fabs'
../Core/Src/main.c:1669:62: warning: incompatible implicit declaration of built-in function 'fabs' [-Wbuiltin-declaration-mismatch]
 1669 |                                                           if(fabs((q_Pos-Pos_Start)*2) >= fabs(Pos_Target-Pos_Start))
      |                                                              ^~~~
../Core/Src/main.c:1669:62: note: include '<math.h>' or provide a declaration of 'fabs'
../Core/Src/main.c:1681:62: warning: incompatible implicit declaration of built-in function 'fabs' [-Wbuiltin-declaration-mismatch]
 1681 |                                                           if(fabs(Pos_Target-q_Pos) <= (q_Velo*q_Velo)/(2*Max_Acc))
      |                                                              ^~~~
../Core/Src/main.c:1681:62: note: include '<math.h>' or provide a declaration of 'fabs'
../Core/Src/main.c:1693:62: warning: incompatible implicit declaration of built-in function 'fabs' [-Wbuiltin-declaration-mismatch]
 1693 |                                                           if(fabs(q_Velo) <= 0)
      |                                                              ^~~~
../Core/Src/main.c:1693:62: note: include '<math.h>' or provide a declaration of 'fabs'
In file included from ../Core/Inc/stm32g4xx_hal_conf.h:344:
../Core/Src/main.c: In function 'PIDposition':
../Core/Src/main.c:1752:64: warning: incompatible implicit declaration of built-in function 'fabs' [-Wbuiltin-declaration-mismatch]
 1752 |                   __HAL_TIM_SET_COMPARE(&htim4, TIM_CHANNEL_1, fabs(Velocontrol.Output[NEW]));
      |                                                                ^~~~
../Drivers/STM32G4xx_HAL_Driver/Inc/stm32g4xx_hal_tim.h:1672:72: note: in definition of macro '__HAL_TIM_SET_COMPARE'
 1672 |   (((__CHANNEL__) == TIM_CHANNEL_1) ? ((__HANDLE__)->Instance->CCR1 = (__COMPARE__)) :\
      |                                                                        ^~~~~~~~~~~
../Core/Src/main.c:1752:64: note: include '<math.h>' or provide a declaration of 'fabs'
 1752 |                   __HAL_TIM_SET_COMPARE(&htim4, TIM_CHANNEL_1, fabs(Velocontrol.Output[NEW]));
      |                                                                ^~~~
../Drivers/STM32G4xx_HAL_Driver/Inc/stm32g4xx_hal_tim.h:1672:72: note: in definition of macro '__HAL_TIM_SET_COMPARE'
 1672 |   (((__CHANNEL__) == TIM_CHANNEL_1) ? ((__HANDLE__)->Instance->CCR1 = (__COMPARE__)) :\
      |                                                                        ^~~~~~~~~~~
../Core/Src/main.c: In function 'UpdatePosRoutine':
../Core/Src/main.c:1810:35: warning: incompatible implicit declaration of built-in function 'fabs' [-Wbuiltin-declaration-mismatch]
 1810 |         registerFrame[0x11].U16 = fabs(Pos)*10;
      |                                   ^~~~
../Core/Src/main.c:1810:35: note: include '<math.h>' or provide a declaration of 'fabs'
arm-none-eabi-gcc -o "testnew.elf" @"objects.list"   -mcpu=cortex-m4 -T"C:\Users\AAA\STM32CubeIDE\workspace_1.14.1\StudioOneDOFG.6\testnew\STM32G474RETX_FLASH.ld" --specs=nosys.specs -Wl,-Map="testnew.map" -Wl,--gc-sections -static --specs=nano.specs -mfpu=fpv4-sp-d16 -mfloat-abi=hard -mthumb -Wl,--start-group -lc -lm -Wl,--end-group
C:/ST/STM32CubeIDE_1.14.1/STM32CubeIDE/plugins/com.st.stm32cube.ide.mcu.externaltools.gnu-tools-for-stm32.12.3.rel1.win32_1.0.100.202403111256/tools/bin/../lib/gcc/arm-none-eabi/12.3.1/../../../../arm-none-eabi/bin/ld.exe: warning: testnew.elf has a LOAD segment with RWX permissions
Finished building target: testnew.elf
 
arm-none-eabi-size  testnew.elf 
arm-none-eabi-objdump -h -S testnew.elf  > "testnew.list"
   text	   data	    bss	    dec	    hex	filename
  48224	    552	   6016	  54792	   d608	testnew.elf
Finished building: default.size.stdout
 
Finished building: testnew.list
 
17:31:39 **** Incremental Build of configuration Debug for project testnew ****
make -j12 all 
arm-none-eabi-size  testnew.elf 
   text	   data	    bss	    dec	    hex	filename
  48224	    552	   6016	  54792	   d608	testnew.elf
Finished building: default.size.stdout
 
17:36:53 **** Incremental Build of configuration Debug for project testnew ****
make -j12 all 
arm-none-eabi-gcc "../Core/Src/main.c" -mcpu=cortex-m4 -std=gnu11 -g3 -DDEBUG -DUSE_HAL_DRIVER -DSTM32G474xx -c -I../Core/Inc -I../Drivers/STM32G4xx_HAL_Driver/Inc -I../Drivers/STM32G4xx_HAL_Driver/Inc/Legacy -I../Drivers/CMSIS/Device/ST/STM32G4xx/Include -I../Drivers/CMSIS/Include -O0 -ffunction-sections -fdata-sections -Wall -fstack-usage -fcyclomatic-complexity -MMD -MP -MF"Core/Src/main.d" -MT"Core/Src/main.o" --specs=nano.specs -mfpu=fpv4-sp-d16 -mfloat-abi=hard -mthumb -o "Core/Src/main.o"
../Core/Src/main.c: In function 'main':
../Core/Src/main.c:290:29: warning: passing argument 2 of 'HAL_ADC_Start_DMA' from incompatible pointer type [-Wincompatible-pointer-types]
  290 |   HAL_ADC_Start_DMA(&hadc3, joyAnalogRead, 40);
      |                             ^~~~~~~~~~~~~
      |                             |
      |                             uint16_t * {aka short unsigned int *}
In file included from ../Core/Inc/stm32g4xx_hal_conf.h:228,
                 from ../Drivers/STM32G4xx_HAL_Driver/Inc/stm32g4xx_hal.h:29,
                 from ../Core/Inc/main.h:30,
                 from ../Core/Src/main.c:20:
../Drivers/STM32G4xx_HAL_Driver/Inc/stm32g4xx_hal_adc.h:2242:78: note: expected 'uint32_t *' {aka 'long unsigned int *'} but argument is of type 'uint16_t *' {aka 'short unsigned int *'}
 2242 | HAL_StatusTypeDef       HAL_ADC_Start_DMA(ADC_HandleTypeDef *hadc, uint32_t *pData, uint32_t Length);
      |                                                                    ~~~~~~~~~~^~~~~
../Core/Src/main.c:434:52: warning: implicit declaration of function 'fabs' [-Wimplicit-function-declaration]
  434 |                                                 if(fabs(Pos-Pos_Target) <= 0.2)//Limit
      |                                                    ^~~~
../Core/Src/main.c:25:1: note: include '<math.h>' or provide a declaration of 'fabs'
   24 | #include "ModBusRTU.h"
  +++ |+#include <math.h>
   25 | /* USER CODE END Includes */
../Core/Src/main.c:434:52: warning: incompatible implicit declaration of built-in function 'fabs' [-Wbuiltin-declaration-mismatch]
  434 |                                                 if(fabs(Pos-Pos_Target) <= 0.2)//Limit
      |                                                    ^~~~
../Core/Src/main.c:434:52: note: include '<math.h>' or provide a declaration of 'fabs'
../Core/Src/main.c:481:52: warning: incompatible implicit declaration of built-in function 'fabs' [-Wbuiltin-declaration-mismatch]
  481 |                                                 if(fabs(Pos-Pos_Target) <= 0.2)//Limit
      |                                                    ^~~~
../Core/Src/main.c:481:52: note: include '<math.h>' or provide a declaration of 'fabs'
../Core/Src/main.c:505:89: warning: statement with no effect [-Wunused-value]
  505 |                                                                 registerFrame[0x10].U16 == 0b0100;
      |                                                                 ~~~~~~~~~~~~~~~~~~~~~~~~^~~~~~~~~
../Core/Src/main.c:515:89: warning: statement with no effect [-Wunused-value]
  515 |                                                                 registerFrame[0x10].U16 == 0b1000;
      |                                                                 ~~~~~~~~~~~~~~~~~~~~~~~~^~~~~~~~~
../Core/Src/main.c: In function 'QEIEncoderPos_Update':
../Core/Src/main.c:1589:41: warning: incompatible implicit declaration of built-in function 'fabs' [-Wbuiltin-declaration-mismatch]
 1589 |                 Pos     = ((QEIReadRaw-(fabs(Count)*57344))*25*3.14)/8192;
      |                                         ^~~~
../Core/Src/main.c:1589:41: note: include '<math.h>' or provide a declaration of 'fabs'
../Core/Src/main.c: In function 'QEIEncoderVel_Update':
../Core/Src/main.c:1624:14: warning: incompatible implicit declaration of built-in function 'fabs' [-Wbuiltin-declaration-mismatch]
 1624 | Accelation = fabs(speed_fill-speed_fill_1)/0.01;
      |              ^~~~
../Core/Src/main.c:1624:14: note: include '<math.h>' or provide a declaration of 'fabs'
../Core/Src/main.c: In function 'Trajectory':
../Core/Src/main.c:1662:62: warning: incompatible implicit declaration of built-in function 'fabs' [-Wbuiltin-declaration-mismatch]
 1662 |                                                           if(fabs(q_Velo) >= Max_Velo)
      |                                                              ^~~~
../Core/Src/main.c:1662:62: note: include '<math.h>' or provide a declaration of 'fabs'
../Core/Src/main.c:1669:62: warning: incompatible implicit declaration of built-in function 'fabs' [-Wbuiltin-declaration-mismatch]
 1669 |                                                           if(fabs((q_Pos-Pos_Start)*2) >= fabs(Pos_Target-Pos_Start))
      |                                                              ^~~~
../Core/Src/main.c:1669:62: note: include '<math.h>' or provide a declaration of 'fabs'
../Core/Src/main.c:1681:62: warning: incompatible implicit declaration of built-in function 'fabs' [-Wbuiltin-declaration-mismatch]
 1681 |                                                           if(fabs(Pos_Target-q_Pos) <= (q_Velo*q_Velo)/(2*Max_Acc))
      |                                                              ^~~~
../Core/Src/main.c:1681:62: note: include '<math.h>' or provide a declaration of 'fabs'
../Core/Src/main.c:1693:62: warning: incompatible implicit declaration of built-in function 'fabs' [-Wbuiltin-declaration-mismatch]
 1693 |                                                           if(fabs(q_Velo) <= 0)
      |                                                              ^~~~
../Core/Src/main.c:1693:62: note: include '<math.h>' or provide a declaration of 'fabs'
In file included from ../Core/Inc/stm32g4xx_hal_conf.h:344:
../Core/Src/main.c: In function 'PIDposition':
../Core/Src/main.c:1752:64: warning: incompatible implicit declaration of built-in function 'fabs' [-Wbuiltin-declaration-mismatch]
 1752 |                   __HAL_TIM_SET_COMPARE(&htim4, TIM_CHANNEL_1, fabs(Velocontrol.Output[NEW]));
      |                                                                ^~~~
../Drivers/STM32G4xx_HAL_Driver/Inc/stm32g4xx_hal_tim.h:1672:72: note: in definition of macro '__HAL_TIM_SET_COMPARE'
 1672 |   (((__CHANNEL__) == TIM_CHANNEL_1) ? ((__HANDLE__)->Instance->CCR1 = (__COMPARE__)) :\
      |                                                                        ^~~~~~~~~~~
../Core/Src/main.c:1752:64: note: include '<math.h>' or provide a declaration of 'fabs'
 1752 |                   __HAL_TIM_SET_COMPARE(&htim4, TIM_CHANNEL_1, fabs(Velocontrol.Output[NEW]));
      |                                                                ^~~~
../Drivers/STM32G4xx_HAL_Driver/Inc/stm32g4xx_hal_tim.h:1672:72: note: in definition of macro '__HAL_TIM_SET_COMPARE'
 1672 |   (((__CHANNEL__) == TIM_CHANNEL_1) ? ((__HANDLE__)->Instance->CCR1 = (__COMPARE__)) :\
      |                                                                        ^~~~~~~~~~~
../Core/Src/main.c: In function 'UpdatePosRoutine':
../Core/Src/main.c:1810:35: warning: incompatible implicit declaration of built-in function 'fabs' [-Wbuiltin-declaration-mismatch]
 1810 |         registerFrame[0x11].U16 = fabs(Pos)*10;
      |                                   ^~~~
../Core/Src/main.c:1810:35: note: include '<math.h>' or provide a declaration of 'fabs'
arm-none-eabi-gcc -o "testnew.elf" @"objects.list"   -mcpu=cortex-m4 -T"C:\Users\AAA\STM32CubeIDE\workspace_1.14.1\StudioOneDOFG.6\testnew\STM32G474RETX_FLASH.ld" --specs=nosys.specs -Wl,-Map="testnew.map" -Wl,--gc-sections -static --specs=nano.specs -mfpu=fpv4-sp-d16 -mfloat-abi=hard -mthumb -Wl,--start-group -lc -lm -Wl,--end-group
C:/ST/STM32CubeIDE_1.14.1/STM32CubeIDE/plugins/com.st.stm32cube.ide.mcu.externaltools.gnu-tools-for-stm32.12.3.rel1.win32_1.0.100.202403111256/tools/bin/../lib/gcc/arm-none-eabi/12.3.1/../../../../arm-none-eabi/bin/ld.exe: warning: testnew.elf has a LOAD segment with RWX permissions
Finished building target: testnew.elf
 
arm-none-eabi-size  testnew.elf 
arm-none-eabi-objdump -h -S testnew.elf  > "testnew.list"
   text	   data	    bss	    dec	    hex	filename
  48292	    552	   6016	  54860	   d64c	testnew.elf
Finished building: default.size.stdout
 
Finished building: testnew.list
 
17:39:01 **** Incremental Build of configuration Debug for project testnew ****
make -j12 all 
arm-none-eabi-size  testnew.elf 
   text	   data	    bss	    dec	    hex	filename
  48292	    552	   6016	  54860	   d64c	testnew.elf
Finished building: default.size.stdout
 
17:41:48 **** Incremental Build of configuration Debug for project testnew ****
make -j12 all 
arm-none-eabi-gcc "../Core/Src/main.c" -mcpu=cortex-m4 -std=gnu11 -g3 -DDEBUG -DUSE_HAL_DRIVER -DSTM32G474xx -c -I../Core/Inc -I../Drivers/STM32G4xx_HAL_Driver/Inc -I../Drivers/STM32G4xx_HAL_Driver/Inc/Legacy -I../Drivers/CMSIS/Device/ST/STM32G4xx/Include -I../Drivers/CMSIS/Include -O0 -ffunction-sections -fdata-sections -Wall -fstack-usage -fcyclomatic-complexity -MMD -MP -MF"Core/Src/main.d" -MT"Core/Src/main.o" --specs=nano.specs -mfpu=fpv4-sp-d16 -mfloat-abi=hard -mthumb -o "Core/Src/main.o"
../Core/Src/main.c: In function 'main':
../Core/Src/main.c:290:29: warning: passing argument 2 of 'HAL_ADC_Start_DMA' from incompatible pointer type [-Wincompatible-pointer-types]
  290 |   HAL_ADC_Start_DMA(&hadc3, joyAnalogRead, 40);
      |                             ^~~~~~~~~~~~~
      |                             |
      |                             uint16_t * {aka short unsigned int *}
In file included from ../Core/Inc/stm32g4xx_hal_conf.h:228,
                 from ../Drivers/STM32G4xx_HAL_Driver/Inc/stm32g4xx_hal.h:29,
                 from ../Core/Inc/main.h:30,
                 from ../Core/Src/main.c:20:
../Drivers/STM32G4xx_HAL_Driver/Inc/stm32g4xx_hal_adc.h:2242:78: note: expected 'uint32_t *' {aka 'long unsigned int *'} but argument is of type 'uint16_t *' {aka 'short unsigned int *'}
 2242 | HAL_StatusTypeDef       HAL_ADC_Start_DMA(ADC_HandleTypeDef *hadc, uint32_t *pData, uint32_t Length);
      |                                                                    ~~~~~~~~~~^~~~~
../Core/Src/main.c:434:52: warning: implicit declaration of function 'fabs' [-Wimplicit-function-declaration]
  434 |                                                 if(fabs(Pos-Pos_Target) <= 0.2)//Limit
      |                                                    ^~~~
../Core/Src/main.c:25:1: note: include '<math.h>' or provide a declaration of 'fabs'
   24 | #include "ModBusRTU.h"
  +++ |+#include <math.h>
   25 | /* USER CODE END Includes */
../Core/Src/main.c:434:52: warning: incompatible implicit declaration of built-in function 'fabs' [-Wbuiltin-declaration-mismatch]
  434 |                                                 if(fabs(Pos-Pos_Target) <= 0.2)//Limit
      |                                                    ^~~~
../Core/Src/main.c:434:52: note: include '<math.h>' or provide a declaration of 'fabs'
../Core/Src/main.c:481:52: warning: incompatible implicit declaration of built-in function 'fabs' [-Wbuiltin-declaration-mismatch]
  481 |                                                 if(fabs(Pos-Pos_Target) <= 0.2)//Limit
      |                                                    ^~~~
../Core/Src/main.c:481:52: note: include '<math.h>' or provide a declaration of 'fabs'
../Core/Src/main.c:505:89: warning: statement with no effect [-Wunused-value]
  505 |                                                                 registerFrame[0x10].U16 == 0b0100;
      |                                                                 ~~~~~~~~~~~~~~~~~~~~~~~~^~~~~~~~~
../Core/Src/main.c:515:89: warning: statement with no effect [-Wunused-value]
  515 |                                                                 registerFrame[0x10].U16 == 0b1000;
      |                                                                 ~~~~~~~~~~~~~~~~~~~~~~~~^~~~~~~~~
../Core/Src/main.c: In function 'QEIEncoderPos_Update':
../Core/Src/main.c:1589:41: warning: incompatible implicit declaration of built-in function 'fabs' [-Wbuiltin-declaration-mismatch]
 1589 |                 Pos     = ((QEIReadRaw-(fabs(Count)*57344))*25*3.14)/8192;
      |                                         ^~~~
../Core/Src/main.c:1589:41: note: include '<math.h>' or provide a declaration of 'fabs'
../Core/Src/main.c: In function 'QEIEncoderVel_Update':
../Core/Src/main.c:1624:14: warning: incompatible implicit declaration of built-in function 'fabs' [-Wbuiltin-declaration-mismatch]
 1624 | Accelation = fabs(speed_fill-speed_fill_1)/0.01;
      |              ^~~~
../Core/Src/main.c:1624:14: note: include '<math.h>' or provide a declaration of 'fabs'
../Core/Src/main.c: In function 'Trajectory':
../Core/Src/main.c:1662:62: warning: incompatible implicit declaration of built-in function 'fabs' [-Wbuiltin-declaration-mismatch]
 1662 |                                                           if(fabs(q_Velo) >= Max_Velo)
      |                                                              ^~~~
../Core/Src/main.c:1662:62: note: include '<math.h>' or provide a declaration of 'fabs'
../Core/Src/main.c:1669:62: warning: incompatible implicit declaration of built-in function 'fabs' [-Wbuiltin-declaration-mismatch]
 1669 |                                                           if(fabs((q_Pos-Pos_Start)*2) >= fabs(Pos_Target-Pos_Start))
      |                                                              ^~~~
../Core/Src/main.c:1669:62: note: include '<math.h>' or provide a declaration of 'fabs'
../Core/Src/main.c:1681:62: warning: incompatible implicit declaration of built-in function 'fabs' [-Wbuiltin-declaration-mismatch]
 1681 |                                                           if(fabs(Pos_Target-q_Pos) <= (q_Velo*q_Velo)/(2*Max_Acc))
      |                                                              ^~~~
../Core/Src/main.c:1681:62: note: include '<math.h>' or provide a declaration of 'fabs'
../Core/Src/main.c:1693:62: warning: incompatible implicit declaration of built-in function 'fabs' [-Wbuiltin-declaration-mismatch]
 1693 |                                                           if(fabs(q_Velo) <= 0)
      |                                                              ^~~~
../Core/Src/main.c:1693:62: note: include '<math.h>' or provide a declaration of 'fabs'
In file included from ../Core/Inc/stm32g4xx_hal_conf.h:344:
../Core/Src/main.c: In function 'PIDposition':
../Core/Src/main.c:1752:64: warning: incompatible implicit declaration of built-in function 'fabs' [-Wbuiltin-declaration-mismatch]
 1752 |                   __HAL_TIM_SET_COMPARE(&htim4, TIM_CHANNEL_1, fabs(Velocontrol.Output[NEW]));
      |                                                                ^~~~
../Drivers/STM32G4xx_HAL_Driver/Inc/stm32g4xx_hal_tim.h:1672:72: note: in definition of macro '__HAL_TIM_SET_COMPARE'
 1672 |   (((__CHANNEL__) == TIM_CHANNEL_1) ? ((__HANDLE__)->Instance->CCR1 = (__COMPARE__)) :\
      |                                                                        ^~~~~~~~~~~
../Core/Src/main.c:1752:64: note: include '<math.h>' or provide a declaration of 'fabs'
 1752 |                   __HAL_TIM_SET_COMPARE(&htim4, TIM_CHANNEL_1, fabs(Velocontrol.Output[NEW]));
      |                                                                ^~~~
../Drivers/STM32G4xx_HAL_Driver/Inc/stm32g4xx_hal_tim.h:1672:72: note: in definition of macro '__HAL_TIM_SET_COMPARE'
 1672 |   (((__CHANNEL__) == TIM_CHANNEL_1) ? ((__HANDLE__)->Instance->CCR1 = (__COMPARE__)) :\
      |                                                                        ^~~~~~~~~~~
../Core/Src/main.c: In function 'UpdatePosRoutine':
../Core/Src/main.c:1810:35: warning: incompatible implicit declaration of built-in function 'fabs' [-Wbuiltin-declaration-mismatch]
 1810 |         registerFrame[0x11].U16 = fabs(Pos)*10;
      |                                   ^~~~
../Core/Src/main.c:1810:35: note: include '<math.h>' or provide a declaration of 'fabs'
arm-none-eabi-gcc -o "testnew.elf" @"objects.list"   -mcpu=cortex-m4 -T"C:\Users\AAA\STM32CubeIDE\workspace_1.14.1\StudioOneDOFG.6\testnew\STM32G474RETX_FLASH.ld" --specs=nosys.specs -Wl,-Map="testnew.map" -Wl,--gc-sections -static --specs=nano.specs -mfpu=fpv4-sp-d16 -mfloat-abi=hard -mthumb -Wl,--start-group -lc -lm -Wl,--end-group
C:/ST/STM32CubeIDE_1.14.1/STM32CubeIDE/plugins/com.st.stm32cube.ide.mcu.externaltools.gnu-tools-for-stm32.12.3.rel1.win32_1.0.100.202403111256/tools/bin/../lib/gcc/arm-none-eabi/12.3.1/../../../../arm-none-eabi/bin/ld.exe: warning: testnew.elf has a LOAD segment with RWX permissions
Finished building target: testnew.elf
 
arm-none-eabi-size  testnew.elf 
arm-none-eabi-objdump -h -S testnew.elf  > "testnew.list"
   text	   data	    bss	    dec	    hex	filename
  48232	    552	   6016	  54800	   d610	testnew.elf
Finished building: default.size.stdout
 
Finished building: testnew.list
 
17:45:39 **** Incremental Build of configuration Debug for project testnew ****
make -j12 all 
arm-none-eabi-gcc "../Core/Src/main.c" -mcpu=cortex-m4 -std=gnu11 -g3 -DDEBUG -DUSE_HAL_DRIVER -DSTM32G474xx -c -I../Core/Inc -I../Drivers/STM32G4xx_HAL_Driver/Inc -I../Drivers/STM32G4xx_HAL_Driver/Inc/Legacy -I../Drivers/CMSIS/Device/ST/STM32G4xx/Include -I../Drivers/CMSIS/Include -O0 -ffunction-sections -fdata-sections -Wall -fstack-usage -fcyclomatic-complexity -MMD -MP -MF"Core/Src/main.d" -MT"Core/Src/main.o" --specs=nano.specs -mfpu=fpv4-sp-d16 -mfloat-abi=hard -mthumb -o "Core/Src/main.o"
../Core/Src/main.c: In function 'main':
../Core/Src/main.c:290:29: warning: passing argument 2 of 'HAL_ADC_Start_DMA' from incompatible pointer type [-Wincompatible-pointer-types]
  290 |   HAL_ADC_Start_DMA(&hadc3, joyAnalogRead, 40);
      |                             ^~~~~~~~~~~~~
      |                             |
      |                             uint16_t * {aka short unsigned int *}
In file included from ../Core/Inc/stm32g4xx_hal_conf.h:228,
                 from ../Drivers/STM32G4xx_HAL_Driver/Inc/stm32g4xx_hal.h:29,
                 from ../Core/Inc/main.h:30,
                 from ../Core/Src/main.c:20:
../Drivers/STM32G4xx_HAL_Driver/Inc/stm32g4xx_hal_adc.h:2242:78: note: expected 'uint32_t *' {aka 'long unsigned int *'} but argument is of type 'uint16_t *' {aka 'short unsigned int *'}
 2242 | HAL_StatusTypeDef       HAL_ADC_Start_DMA(ADC_HandleTypeDef *hadc, uint32_t *pData, uint32_t Length);
      |                                                                    ~~~~~~~~~~^~~~~
../Core/Src/main.c:434:52: warning: implicit declaration of function 'fabs' [-Wimplicit-function-declaration]
  434 |                                                 if(fabs(Pos-Pos_Target) <= 0.2)//Limit
      |                                                    ^~~~
../Core/Src/main.c:25:1: note: include '<math.h>' or provide a declaration of 'fabs'
   24 | #include "ModBusRTU.h"
  +++ |+#include <math.h>
   25 | /* USER CODE END Includes */
../Core/Src/main.c:434:52: warning: incompatible implicit declaration of built-in function 'fabs' [-Wbuiltin-declaration-mismatch]
  434 |                                                 if(fabs(Pos-Pos_Target) <= 0.2)//Limit
      |                                                    ^~~~
../Core/Src/main.c:434:52: note: include '<math.h>' or provide a declaration of 'fabs'
../Core/Src/main.c:481:52: warning: incompatible implicit declaration of built-in function 'fabs' [-Wbuiltin-declaration-mismatch]
  481 |                                                 if(fabs(Pos-Pos_Target) <= 0.2)//Limit
      |                                                    ^~~~
../Core/Src/main.c:481:52: note: include '<math.h>' or provide a declaration of 'fabs'
../Core/Src/main.c:505:89: warning: statement with no effect [-Wunused-value]
  505 |                                                                 registerFrame[0x10].U16 == 0b0100;
      |                                                                 ~~~~~~~~~~~~~~~~~~~~~~~~^~~~~~~~~
../Core/Src/main.c:515:89: warning: statement with no effect [-Wunused-value]
  515 |                                                                 registerFrame[0x10].U16 == 0b1000;
      |                                                                 ~~~~~~~~~~~~~~~~~~~~~~~~^~~~~~~~~
../Core/Src/main.c: In function 'QEIEncoderPos_Update':
../Core/Src/main.c:1589:41: warning: incompatible implicit declaration of built-in function 'fabs' [-Wbuiltin-declaration-mismatch]
 1589 |                 Pos     = ((QEIReadRaw-(fabs(Count)*57344))*25*3.14)/8192;
      |                                         ^~~~
../Core/Src/main.c:1589:41: note: include '<math.h>' or provide a declaration of 'fabs'
../Core/Src/main.c: In function 'QEIEncoderVel_Update':
../Core/Src/main.c:1624:14: warning: incompatible implicit declaration of built-in function 'fabs' [-Wbuiltin-declaration-mismatch]
 1624 | Accelation = fabs(speed_fill-speed_fill_1)/0.01;
      |              ^~~~
../Core/Src/main.c:1624:14: note: include '<math.h>' or provide a declaration of 'fabs'
../Core/Src/main.c: In function 'Trajectory':
../Core/Src/main.c:1662:62: warning: incompatible implicit declaration of built-in function 'fabs' [-Wbuiltin-declaration-mismatch]
 1662 |                                                           if(fabs(q_Velo) >= Max_Velo)
      |                                                              ^~~~
../Core/Src/main.c:1662:62: note: include '<math.h>' or provide a declaration of 'fabs'
../Core/Src/main.c:1669:62: warning: incompatible implicit declaration of built-in function 'fabs' [-Wbuiltin-declaration-mismatch]
 1669 |                                                           if(fabs((q_Pos-Pos_Start)*2) >= fabs(Pos_Target-Pos_Start))
      |                                                              ^~~~
../Core/Src/main.c:1669:62: note: include '<math.h>' or provide a declaration of 'fabs'
../Core/Src/main.c:1681:62: warning: incompatible implicit declaration of built-in function 'fabs' [-Wbuiltin-declaration-mismatch]
 1681 |                                                           if(fabs(Pos_Target-q_Pos) <= (q_Velo*q_Velo)/(2*Max_Acc))
      |                                                              ^~~~
../Core/Src/main.c:1681:62: note: include '<math.h>' or provide a declaration of 'fabs'
../Core/Src/main.c:1693:62: warning: incompatible implicit declaration of built-in function 'fabs' [-Wbuiltin-declaration-mismatch]
 1693 |                                                           if(fabs(q_Velo) <= 0)
      |                                                              ^~~~
../Core/Src/main.c:1693:62: note: include '<math.h>' or provide a declaration of 'fabs'
In file included from ../Core/Inc/stm32g4xx_hal_conf.h:344:
../Core/Src/main.c: In function 'PIDposition':
../Core/Src/main.c:1752:64: warning: incompatible implicit declaration of built-in function 'fabs' [-Wbuiltin-declaration-mismatch]
 1752 |                   __HAL_TIM_SET_COMPARE(&htim4, TIM_CHANNEL_1, fabs(Velocontrol.Output[NEW]));
      |                                                                ^~~~
../Drivers/STM32G4xx_HAL_Driver/Inc/stm32g4xx_hal_tim.h:1672:72: note: in definition of macro '__HAL_TIM_SET_COMPARE'
 1672 |   (((__CHANNEL__) == TIM_CHANNEL_1) ? ((__HANDLE__)->Instance->CCR1 = (__COMPARE__)) :\
      |                                                                        ^~~~~~~~~~~
../Core/Src/main.c:1752:64: note: include '<math.h>' or provide a declaration of 'fabs'
 1752 |                   __HAL_TIM_SET_COMPARE(&htim4, TIM_CHANNEL_1, fabs(Velocontrol.Output[NEW]));
      |                                                                ^~~~
../Drivers/STM32G4xx_HAL_Driver/Inc/stm32g4xx_hal_tim.h:1672:72: note: in definition of macro '__HAL_TIM_SET_COMPARE'
 1672 |   (((__CHANNEL__) == TIM_CHANNEL_1) ? ((__HANDLE__)->Instance->CCR1 = (__COMPARE__)) :\
      |                                                                        ^~~~~~~~~~~
../Core/Src/main.c: In function 'UpdatePosRoutine':
../Core/Src/main.c:1810:35: warning: incompatible implicit declaration of built-in function 'fabs' [-Wbuiltin-declaration-mismatch]
 1810 |         registerFrame[0x11].U16 = fabs(Pos)*10;
      |                                   ^~~~
../Core/Src/main.c:1810:35: note: include '<math.h>' or provide a declaration of 'fabs'
arm-none-eabi-gcc -o "testnew.elf" @"objects.list"   -mcpu=cortex-m4 -T"C:\Users\AAA\STM32CubeIDE\workspace_1.14.1\StudioOneDOFG.6\testnew\STM32G474RETX_FLASH.ld" --specs=nosys.specs -Wl,-Map="testnew.map" -Wl,--gc-sections -static --specs=nano.specs -mfpu=fpv4-sp-d16 -mfloat-abi=hard -mthumb -Wl,--start-group -lc -lm -Wl,--end-group
C:/ST/STM32CubeIDE_1.14.1/STM32CubeIDE/plugins/com.st.stm32cube.ide.mcu.externaltools.gnu-tools-for-stm32.12.3.rel1.win32_1.0.100.202403111256/tools/bin/../lib/gcc/arm-none-eabi/12.3.1/../../../../arm-none-eabi/bin/ld.exe: warning: testnew.elf has a LOAD segment with RWX permissions
Finished building target: testnew.elf
 
arm-none-eabi-size  testnew.elf 
arm-none-eabi-objdump -h -S testnew.elf  > "testnew.list"
   text	   data	    bss	    dec	    hex	filename
  48292	    552	   6016	  54860	   d64c	testnew.elf
Finished building: default.size.stdout
 
Finished building: testnew.list
 
17:49:41 **** Incremental Build of configuration Debug for project testnew ****
make -j12 all 
arm-none-eabi-gcc "../Core/Src/main.c" -mcpu=cortex-m4 -std=gnu11 -g3 -DDEBUG -DUSE_HAL_DRIVER -DSTM32G474xx -c -I../Core/Inc -I../Drivers/STM32G4xx_HAL_Driver/Inc -I../Drivers/STM32G4xx_HAL_Driver/Inc/Legacy -I../Drivers/CMSIS/Device/ST/STM32G4xx/Include -I../Drivers/CMSIS/Include -O0 -ffunction-sections -fdata-sections -Wall -fstack-usage -fcyclomatic-complexity -MMD -MP -MF"Core/Src/main.d" -MT"Core/Src/main.o" --specs=nano.specs -mfpu=fpv4-sp-d16 -mfloat-abi=hard -mthumb -o "Core/Src/main.o"
../Core/Src/main.c: In function 'main':
../Core/Src/main.c:290:29: warning: passing argument 2 of 'HAL_ADC_Start_DMA' from incompatible pointer type [-Wincompatible-pointer-types]
  290 |   HAL_ADC_Start_DMA(&hadc3, joyAnalogRead, 40);
      |                             ^~~~~~~~~~~~~
      |                             |
      |                             uint16_t * {aka short unsigned int *}
In file included from ../Core/Inc/stm32g4xx_hal_conf.h:228,
                 from ../Drivers/STM32G4xx_HAL_Driver/Inc/stm32g4xx_hal.h:29,
                 from ../Core/Inc/main.h:30,
                 from ../Core/Src/main.c:20:
../Drivers/STM32G4xx_HAL_Driver/Inc/stm32g4xx_hal_adc.h:2242:78: note: expected 'uint32_t *' {aka 'long unsigned int *'} but argument is of type 'uint16_t *' {aka 'short unsigned int *'}
 2242 | HAL_StatusTypeDef       HAL_ADC_Start_DMA(ADC_HandleTypeDef *hadc, uint32_t *pData, uint32_t Length);
      |                                                                    ~~~~~~~~~~^~~~~
../Core/Src/main.c:434:52: warning: implicit declaration of function 'fabs' [-Wimplicit-function-declaration]
  434 |                                                 if(fabs(Pos-Pos_Target) <= 0.2)//Limit
      |                                                    ^~~~
../Core/Src/main.c:25:1: note: include '<math.h>' or provide a declaration of 'fabs'
   24 | #include "ModBusRTU.h"
  +++ |+#include <math.h>
   25 | /* USER CODE END Includes */
../Core/Src/main.c:434:52: warning: incompatible implicit declaration of built-in function 'fabs' [-Wbuiltin-declaration-mismatch]
  434 |                                                 if(fabs(Pos-Pos_Target) <= 0.2)//Limit
      |                                                    ^~~~
../Core/Src/main.c:434:52: note: include '<math.h>' or provide a declaration of 'fabs'
../Core/Src/main.c:481:52: warning: incompatible implicit declaration of built-in function 'fabs' [-Wbuiltin-declaration-mismatch]
  481 |                                                 if(fabs(Pos-Pos_Target) <= 0.2)//Limit
      |                                                    ^~~~
../Core/Src/main.c:481:52: note: include '<math.h>' or provide a declaration of 'fabs'
../Core/Src/main.c:505:89: warning: statement with no effect [-Wunused-value]
  505 |                                                                 registerFrame[0x10].U16 == 0b0100;
      |                                                                 ~~~~~~~~~~~~~~~~~~~~~~~~^~~~~~~~~
../Core/Src/main.c:515:89: warning: statement with no effect [-Wunused-value]
  515 |                                                                 registerFrame[0x10].U16 == 0b1000;
      |                                                                 ~~~~~~~~~~~~~~~~~~~~~~~~^~~~~~~~~
../Core/Src/main.c: In function 'QEIEncoderPos_Update':
../Core/Src/main.c:1589:41: warning: incompatible implicit declaration of built-in function 'fabs' [-Wbuiltin-declaration-mismatch]
 1589 |                 Pos     = ((QEIReadRaw-(fabs(Count)*57344))*25*3.14)/8192;
      |                                         ^~~~
../Core/Src/main.c:1589:41: note: include '<math.h>' or provide a declaration of 'fabs'
../Core/Src/main.c: In function 'QEIEncoderVel_Update':
../Core/Src/main.c:1624:14: warning: incompatible implicit declaration of built-in function 'fabs' [-Wbuiltin-declaration-mismatch]
 1624 | Accelation = fabs(speed_fill-speed_fill_1)/0.01;
      |              ^~~~
../Core/Src/main.c:1624:14: note: include '<math.h>' or provide a declaration of 'fabs'
../Core/Src/main.c: In function 'Trajectory':
../Core/Src/main.c:1662:62: warning: incompatible implicit declaration of built-in function 'fabs' [-Wbuiltin-declaration-mismatch]
 1662 |                                                           if(fabs(q_Velo) >= Max_Velo)
      |                                                              ^~~~
../Core/Src/main.c:1662:62: note: include '<math.h>' or provide a declaration of 'fabs'
../Core/Src/main.c:1669:62: warning: incompatible implicit declaration of built-in function 'fabs' [-Wbuiltin-declaration-mismatch]
 1669 |                                                           if(fabs((q_Pos-Pos_Start)*2) >= fabs(Pos_Target-Pos_Start))
      |                                                              ^~~~
../Core/Src/main.c:1669:62: note: include '<math.h>' or provide a declaration of 'fabs'
../Core/Src/main.c:1681:62: warning: incompatible implicit declaration of built-in function 'fabs' [-Wbuiltin-declaration-mismatch]
 1681 |                                                           if(fabs(Pos_Target-q_Pos) <= (q_Velo*q_Velo)/(2*Max_Acc))
      |                                                              ^~~~
../Core/Src/main.c:1681:62: note: include '<math.h>' or provide a declaration of 'fabs'
../Core/Src/main.c:1693:62: warning: incompatible implicit declaration of built-in function 'fabs' [-Wbuiltin-declaration-mismatch]
 1693 |                                                           if(fabs(q_Velo) <= 0)
      |                                                              ^~~~
../Core/Src/main.c:1693:62: note: include '<math.h>' or provide a declaration of 'fabs'
In file included from ../Core/Inc/stm32g4xx_hal_conf.h:344:
../Core/Src/main.c: In function 'PIDposition':
../Core/Src/main.c:1752:64: warning: incompatible implicit declaration of built-in function 'fabs' [-Wbuiltin-declaration-mismatch]
 1752 |                   __HAL_TIM_SET_COMPARE(&htim4, TIM_CHANNEL_1, fabs(Velocontrol.Output[NEW]));
      |                                                                ^~~~
../Drivers/STM32G4xx_HAL_Driver/Inc/stm32g4xx_hal_tim.h:1672:72: note: in definition of macro '__HAL_TIM_SET_COMPARE'
 1672 |   (((__CHANNEL__) == TIM_CHANNEL_1) ? ((__HANDLE__)->Instance->CCR1 = (__COMPARE__)) :\
      |                                                                        ^~~~~~~~~~~
../Core/Src/main.c:1752:64: note: include '<math.h>' or provide a declaration of 'fabs'
 1752 |                   __HAL_TIM_SET_COMPARE(&htim4, TIM_CHANNEL_1, fabs(Velocontrol.Output[NEW]));
      |                                                                ^~~~
../Drivers/STM32G4xx_HAL_Driver/Inc/stm32g4xx_hal_tim.h:1672:72: note: in definition of macro '__HAL_TIM_SET_COMPARE'
 1672 |   (((__CHANNEL__) == TIM_CHANNEL_1) ? ((__HANDLE__)->Instance->CCR1 = (__COMPARE__)) :\
      |                                                                        ^~~~~~~~~~~
../Core/Src/main.c: In function 'UpdatePosRoutine':
../Core/Src/main.c:1810:35: warning: incompatible implicit declaration of built-in function 'fabs' [-Wbuiltin-declaration-mismatch]
 1810 |         registerFrame[0x11].U16 = fabs(Pos)*10;
      |                                   ^~~~
../Core/Src/main.c:1810:35: note: include '<math.h>' or provide a declaration of 'fabs'
arm-none-eabi-gcc -o "testnew.elf" @"objects.list"   -mcpu=cortex-m4 -T"C:\Users\AAA\STM32CubeIDE\workspace_1.14.1\StudioOneDOFG.6\testnew\STM32G474RETX_FLASH.ld" --specs=nosys.specs -Wl,-Map="testnew.map" -Wl,--gc-sections -static --specs=nano.specs -mfpu=fpv4-sp-d16 -mfloat-abi=hard -mthumb -Wl,--start-group -lc -lm -Wl,--end-group
C:/ST/STM32CubeIDE_1.14.1/STM32CubeIDE/plugins/com.st.stm32cube.ide.mcu.externaltools.gnu-tools-for-stm32.12.3.rel1.win32_1.0.100.202403111256/tools/bin/../lib/gcc/arm-none-eabi/12.3.1/../../../../arm-none-eabi/bin/ld.exe: warning: testnew.elf has a LOAD segment with RWX permissions
Finished building target: testnew.elf
 
arm-none-eabi-size  testnew.elf 
arm-none-eabi-objdump -h -S testnew.elf  > "testnew.list"
   text	   data	    bss	    dec	    hex	filename
  48292	    552	   6016	  54860	   d64c	testnew.elf
Finished building: default.size.stdout
 
Finished building: testnew.list
 
17:59:02 **** Incremental Build of configuration Debug for project testnew ****
make -j12 all 
arm-none-eabi-gcc "../Core/Src/main.c" -mcpu=cortex-m4 -std=gnu11 -g3 -DDEBUG -DUSE_HAL_DRIVER -DSTM32G474xx -c -I../Core/Inc -I../Drivers/STM32G4xx_HAL_Driver/Inc -I../Drivers/STM32G4xx_HAL_Driver/Inc/Legacy -I../Drivers/CMSIS/Device/ST/STM32G4xx/Include -I../Drivers/CMSIS/Include -O0 -ffunction-sections -fdata-sections -Wall -fstack-usage -fcyclomatic-complexity -MMD -MP -MF"Core/Src/main.d" -MT"Core/Src/main.o" --specs=nano.specs -mfpu=fpv4-sp-d16 -mfloat-abi=hard -mthumb -o "Core/Src/main.o"
../Core/Src/main.c: In function 'main':
../Core/Src/main.c:290:29: warning: passing argument 2 of 'HAL_ADC_Start_DMA' from incompatible pointer type [-Wincompatible-pointer-types]
  290 |   HAL_ADC_Start_DMA(&hadc3, joyAnalogRead, 40);
      |                             ^~~~~~~~~~~~~
      |                             |
      |                             uint16_t * {aka short unsigned int *}
In file included from ../Core/Inc/stm32g4xx_hal_conf.h:228,
                 from ../Drivers/STM32G4xx_HAL_Driver/Inc/stm32g4xx_hal.h:29,
                 from ../Core/Inc/main.h:30,
                 from ../Core/Src/main.c:20:
../Drivers/STM32G4xx_HAL_Driver/Inc/stm32g4xx_hal_adc.h:2242:78: note: expected 'uint32_t *' {aka 'long unsigned int *'} but argument is of type 'uint16_t *' {aka 'short unsigned int *'}
 2242 | HAL_StatusTypeDef       HAL_ADC_Start_DMA(ADC_HandleTypeDef *hadc, uint32_t *pData, uint32_t Length);
      |                                                                    ~~~~~~~~~~^~~~~
../Core/Src/main.c:434:52: warning: implicit declaration of function 'fabs' [-Wimplicit-function-declaration]
  434 |                                                 if(fabs(Pos-Pos_Target) <= 0.2)//Limit
      |                                                    ^~~~
../Core/Src/main.c:25:1: note: include '<math.h>' or provide a declaration of 'fabs'
   24 | #include "ModBusRTU.h"
  +++ |+#include <math.h>
   25 | /* USER CODE END Includes */
../Core/Src/main.c:434:52: warning: incompatible implicit declaration of built-in function 'fabs' [-Wbuiltin-declaration-mismatch]
  434 |                                                 if(fabs(Pos-Pos_Target) <= 0.2)//Limit
      |                                                    ^~~~
../Core/Src/main.c:434:52: note: include '<math.h>' or provide a declaration of 'fabs'
../Core/Src/main.c:481:52: warning: incompatible implicit declaration of built-in function 'fabs' [-Wbuiltin-declaration-mismatch]
  481 |                                                 if(fabs(Pos-Pos_Target) <= 0.2)//Limit
      |                                                    ^~~~
../Core/Src/main.c:481:52: note: include '<math.h>' or provide a declaration of 'fabs'
[...]
      |                                                              ^~~~
../Core/Src/main.c:1694:62: note: include '<math.h>' or provide a declaration of 'fabs'
../Core/Src/main.c:1706:62: warning: incompatible implicit declaration of built-in function 'fabs' [-Wbuiltin-declaration-mismatch]
 1706 |                                                           if(fabs(q_Velo) <= 0)
      |                                                              ^~~~
../Core/Src/main.c:1706:62: note: include '<math.h>' or provide a declaration of 'fabs'
In file included from ../Core/Inc/stm32g4xx_hal_conf.h:344:
../Core/Src/main.c: In function 'PIDposition':
../Core/Src/main.c:1768:64: warning: incompatible implicit declaration of built-in function 'fabs' [-Wbuiltin-declaration-mismatch]
 1768 |                   __HAL_TIM_SET_COMPARE(&htim4, TIM_CHANNEL_1, fabs(Velocontrol.Output[NEW]));
      |                                                                ^~~~
../Drivers/STM32G4xx_HAL_Driver/Inc/stm32g4xx_hal_tim.h:1672:72: note: in definition of macro '__HAL_TIM_SET_COMPARE'
 1672 |   (((__CHANNEL__) == TIM_CHANNEL_1) ? ((__HANDLE__)->Instance->CCR1 = (__COMPARE__)) :\
      |                                                                        ^~~~~~~~~~~
../Core/Src/main.c:1768:64: note: include '<math.h>' or provide a declaration of 'fabs'
 1768 |                   __HAL_TIM_SET_COMPARE(&htim4, TIM_CHANNEL_1, fabs(Velocontrol.Output[NEW]));
      |                                                                ^~~~
../Drivers/STM32G4xx_HAL_Driver/Inc/stm32g4xx_hal_tim.h:1672:72: note: in definition of macro '__HAL_TIM_SET_COMPARE'
 1672 |   (((__CHANNEL__) == TIM_CHANNEL_1) ? ((__HANDLE__)->Instance->CCR1 = (__COMPARE__)) :\
      |                                                                        ^~~~~~~~~~~
../Core/Src/main.c: In function 'UpdatePosRoutine':
../Core/Src/main.c:1826:35: warning: incompatible implicit declaration of built-in function 'fabs' [-Wbuiltin-declaration-mismatch]
 1826 |         registerFrame[0x11].U16 = fabs(Pos)*10;
      |                                   ^~~~
../Core/Src/main.c:1826:35: note: include '<math.h>' or provide a declaration of 'fabs'
arm-none-eabi-gcc -o "testnew.elf" @"objects.list"   -mcpu=cortex-m4 -T"C:\Users\AAA\STM32CubeIDE\workspace_1.14.1\StudioOneDOFG.6\testnew\STM32G474RETX_FLASH.ld" --specs=nosys.specs -Wl,-Map="testnew.map" -Wl,--gc-sections -static --specs=nano.specs -mfpu=fpv4-sp-d16 -mfloat-abi=hard -mthumb -Wl,--start-group -lc -lm -Wl,--end-group
C:/ST/STM32CubeIDE_1.14.1/STM32CubeIDE/plugins/com.st.stm32cube.ide.mcu.externaltools.gnu-tools-for-stm32.12.3.rel1.win32_1.0.100.202403111256/tools/bin/../lib/gcc/arm-none-eabi/12.3.1/../../../../arm-none-eabi/bin/ld.exe: warning: testnew.elf has a LOAD segment with RWX permissions
Finished building target: testnew.elf
 
arm-none-eabi-size  testnew.elf 
arm-none-eabi-objdump -h -S testnew.elf  > "testnew.list"
   text	   data	    bss	    dec	    hex	filename
  48300	    556	   6016	  54872	   d658	testnew.elf
Finished building: default.size.stdout
 
Finished building: testnew.list
 
22:55:38 **** Incremental Build of configuration Debug for project testnew ****
make -j12 all 
arm-none-eabi-gcc "../Core/Src/main.c" -mcpu=cortex-m4 -std=gnu11 -g3 -DDEBUG -DUSE_HAL_DRIVER -DSTM32G474xx -c -I../Core/Inc -I../Drivers/STM32G4xx_HAL_Driver/Inc -I../Drivers/STM32G4xx_HAL_Driver/Inc/Legacy -I../Drivers/CMSIS/Device/ST/STM32G4xx/Include -I../Drivers/CMSIS/Include -O0 -ffunction-sections -fdata-sections -Wall -fstack-usage -fcyclomatic-complexity -MMD -MP -MF"Core/Src/main.d" -MT"Core/Src/main.o" --specs=nano.specs -mfpu=fpv4-sp-d16 -mfloat-abi=hard -mthumb -o "Core/Src/main.o"
../Core/Src/main.c: In function 'main':
../Core/Src/main.c:291:29: warning: passing argument 2 of 'HAL_ADC_Start_DMA' from incompatible pointer type [-Wincompatible-pointer-types]
  291 |   HAL_ADC_Start_DMA(&hadc3, joyAnalogRead, 40);
      |                             ^~~~~~~~~~~~~
      |                             |
      |                             uint16_t * {aka short unsigned int *}
In file included from ../Core/Inc/stm32g4xx_hal_conf.h:228,
                 from ../Drivers/STM32G4xx_HAL_Driver/Inc/stm32g4xx_hal.h:29,
                 from ../Core/Inc/main.h:30,
                 from ../Core/Src/main.c:20:
../Drivers/STM32G4xx_HAL_Driver/Inc/stm32g4xx_hal_adc.h:2242:78: note: expected 'uint32_t *' {aka 'long unsigned int *'} but argument is of type 'uint16_t *' {aka 'short unsigned int *'}
 2242 | HAL_StatusTypeDef       HAL_ADC_Start_DMA(ADC_HandleTypeDef *hadc, uint32_t *pData, uint32_t Length);
      |                                                                    ~~~~~~~~~~^~~~~
../Core/Src/main.c:441:52: warning: implicit declaration of function 'fabs' [-Wimplicit-function-declaration]
  441 |                                                 if(fabs(Pos-Pos_Target) <= 0.2)//Limit
      |                                                    ^~~~
../Core/Src/main.c:25:1: note: include '<math.h>' or provide a declaration of 'fabs'
   24 | #include "ModBusRTU.h"
  +++ |+#include <math.h>
   25 | /* USER CODE END Includes */
../Core/Src/main.c:441:52: warning: incompatible implicit declaration of built-in function 'fabs' [-Wbuiltin-declaration-mismatch]
  441 |                                                 if(fabs(Pos-Pos_Target) <= 0.2)//Limit
      |                                                    ^~~~
../Core/Src/main.c:441:52: note: include '<math.h>' or provide a declaration of 'fabs'
../Core/Src/main.c:488:52: warning: incompatible implicit declaration of built-in function 'fabs' [-Wbuiltin-declaration-mismatch]
  488 |                                                 if(fabs(Pos-Pos_Target) <= 0.2)//Limit
      |                                                    ^~~~
../Core/Src/main.c:488:52: note: include '<math.h>' or provide a declaration of 'fabs'
../Core/Src/main.c:512:89: warning: statement with no effect [-Wunused-value]
  512 |                                                                 registerFrame[0x10].U16 == 0b0100;
      |                                                                 ~~~~~~~~~~~~~~~~~~~~~~~~^~~~~~~~~
../Core/Src/main.c:522:89: warning: statement with no effect [-Wunused-value]
  522 |                                                                 registerFrame[0x10].U16 == 0b1000;
      |                                                                 ~~~~~~~~~~~~~~~~~~~~~~~~^~~~~~~~~
../Core/Src/main.c: In function 'QEIEncoderPos_Update':
../Core/Src/main.c:1602:41: warning: incompatible implicit declaration of built-in function 'fabs' [-Wbuiltin-declaration-mismatch]
 1602 |                 Pos     = ((QEIReadRaw-(fabs(Count)*57344))*25*3.14)/8192;
      |                                         ^~~~
../Core/Src/main.c:1602:41: note: include '<math.h>' or provide a declaration of 'fabs'
../Core/Src/main.c: In function 'QEIEncoderVel_Update':
../Core/Src/main.c:1638:14: warning: incompatible implicit declaration of built-in function 'fabs' [-Wbuiltin-declaration-mismatch]
 1638 | Accelation = fabs(speed_fill-speed_fill_1)/0.01;
      |              ^~~~
../Core/Src/main.c:1638:14: note: include '<math.h>' or provide a declaration of 'fabs'
../Core/Src/main.c: In function 'Trajectory':
../Core/Src/main.c:1675:62: warning: incompatible implicit declaration of built-in function 'fabs' [-Wbuiltin-declaration-mismatch]
 1675 |                                                           if(fabs(q_Velo) >= Max_Velo)
      |                                                              ^~~~
../Core/Src/main.c:1675:62: note: include '<math.h>' or provide a declaration of 'fabs'
../Core/Src/main.c:1682:62: warning: incompatible implicit declaration of built-in function 'fabs' [-Wbuiltin-declaration-mismatch]
 1682 |                                                           if(fabs((q_Pos-Pos_Start)*2) >= fabs(Pos_Target-Pos_Start))
      |                                                              ^~~~
../Core/Src/main.c:1682:62: note: include '<math.h>' or provide a declaration of 'fabs'
../Core/Src/main.c:1694:62: warning: incompatible implicit declaration of built-in function 'fabs' [-Wbuiltin-declaration-mismatch]
 1694 |                                                           if(fabs(Pos_Target-q_Pos) <= (q_Velo*q_Velo)/(2*Max_Acc))
      |                                                              ^~~~
../Core/Src/main.c:1694:62: note: include '<math.h>' or provide a declaration of 'fabs'
../Core/Src/main.c:1706:62: warning: incompatible implicit declaration of built-in function 'fabs' [-Wbuiltin-declaration-mismatch]
 1706 |                                                           if(fabs(q_Velo) <= 0)
      |                                                              ^~~~
../Core/Src/main.c:1706:62: note: include '<math.h>' or provide a declaration of 'fabs'
In file included from ../Core/Inc/stm32g4xx_hal_conf.h:344:
../Core/Src/main.c: In function 'PIDposition':
../Core/Src/main.c:1768:64: warning: incompatible implicit declaration of built-in function 'fabs' [-Wbuiltin-declaration-mismatch]
 1768 |                   __HAL_TIM_SET_COMPARE(&htim4, TIM_CHANNEL_1, fabs(Velocontrol.Output[NEW]));
      |                                                                ^~~~
../Drivers/STM32G4xx_HAL_Driver/Inc/stm32g4xx_hal_tim.h:1672:72: note: in definition of macro '__HAL_TIM_SET_COMPARE'
 1672 |   (((__CHANNEL__) == TIM_CHANNEL_1) ? ((__HANDLE__)->Instance->CCR1 = (__COMPARE__)) :\
      |                                                                        ^~~~~~~~~~~
../Core/Src/main.c:1768:64: note: include '<math.h>' or provide a declaration of 'fabs'
 1768 |                   __HAL_TIM_SET_COMPARE(&htim4, TIM_CHANNEL_1, fabs(Velocontrol.Output[NEW]));
      |                                                                ^~~~
../Drivers/STM32G4xx_HAL_Driver/Inc/stm32g4xx_hal_tim.h:1672:72: note: in definition of macro '__HAL_TIM_SET_COMPARE'
 1672 |   (((__CHANNEL__) == TIM_CHANNEL_1) ? ((__HANDLE__)->Instance->CCR1 = (__COMPARE__)) :\
      |                                                                        ^~~~~~~~~~~
../Core/Src/main.c: In function 'UpdatePosRoutine':
../Core/Src/main.c:1826:35: warning: incompatible implicit declaration of built-in function 'fabs' [-Wbuiltin-declaration-mismatch]
 1826 |         registerFrame[0x11].U16 = fabs(Pos)*10;
      |                                   ^~~~
../Core/Src/main.c:1826:35: note: include '<math.h>' or provide a declaration of 'fabs'
arm-none-eabi-gcc -o "testnew.elf" @"objects.list"   -mcpu=cortex-m4 -T"C:\Users\AAA\STM32CubeIDE\workspace_1.14.1\StudioOneDOFG.6\testnew\STM32G474RETX_FLASH.ld" --specs=nosys.specs -Wl,-Map="testnew.map" -Wl,--gc-sections -static --specs=nano.specs -mfpu=fpv4-sp-d16 -mfloat-abi=hard -mthumb -Wl,--start-group -lc -lm -Wl,--end-group
C:/ST/STM32CubeIDE_1.14.1/STM32CubeIDE/plugins/com.st.stm32cube.ide.mcu.externaltools.gnu-tools-for-stm32.12.3.rel1.win32_1.0.100.202403111256/tools/bin/../lib/gcc/arm-none-eabi/12.3.1/../../../../arm-none-eabi/bin/ld.exe: warning: testnew.elf has a LOAD segment with RWX permissions
Finished building target: testnew.elf
 
arm-none-eabi-size  testnew.elf 
arm-none-eabi-objdump -h -S testnew.elf  > "testnew.list"
   text	   data	    bss	    dec	    hex	filename
  48300	    556	   6016	  54872	   d658	testnew.elf
Finished building: default.size.stdout
 
Finished building: testnew.list
 
22:59:55 **** Incremental Build of configuration Debug for project testnew ****
make -j12 all 
arm-none-eabi-gcc "../Core/Src/main.c" -mcpu=cortex-m4 -std=gnu11 -g3 -DDEBUG -DUSE_HAL_DRIVER -DSTM32G474xx -c -I../Core/Inc -I../Drivers/STM32G4xx_HAL_Driver/Inc -I../Drivers/STM32G4xx_HAL_Driver/Inc/Legacy -I../Drivers/CMSIS/Device/ST/STM32G4xx/Include -I../Drivers/CMSIS/Include -O0 -ffunction-sections -fdata-sections -Wall -fstack-usage -fcyclomatic-complexity -MMD -MP -MF"Core/Src/main.d" -MT"Core/Src/main.o" --specs=nano.specs -mfpu=fpv4-sp-d16 -mfloat-abi=hard -mthumb -o "Core/Src/main.o"
../Core/Src/main.c: In function 'main':
../Core/Src/main.c:291:29: warning: passing argument 2 of 'HAL_ADC_Start_DMA' from incompatible pointer type [-Wincompatible-pointer-types]
  291 |   HAL_ADC_Start_DMA(&hadc3, joyAnalogRead, 40);
      |                             ^~~~~~~~~~~~~
      |                             |
      |                             uint16_t * {aka short unsigned int *}
In file included from ../Core/Inc/stm32g4xx_hal_conf.h:228,
                 from ../Drivers/STM32G4xx_HAL_Driver/Inc/stm32g4xx_hal.h:29,
                 from ../Core/Inc/main.h:30,
                 from ../Core/Src/main.c:20:
../Drivers/STM32G4xx_HAL_Driver/Inc/stm32g4xx_hal_adc.h:2242:78: note: expected 'uint32_t *' {aka 'long unsigned int *'} but argument is of type 'uint16_t *' {aka 'short unsigned int *'}
 2242 | HAL_StatusTypeDef       HAL_ADC_Start_DMA(ADC_HandleTypeDef *hadc, uint32_t *pData, uint32_t Length);
      |                                                                    ~~~~~~~~~~^~~~~
../Core/Src/main.c:441:52: warning: implicit declaration of function 'fabs' [-Wimplicit-function-declaration]
  441 |                                                 if(fabs(Pos-Pos_Target) <= 0.2)//Limit
      |                                                    ^~~~
../Core/Src/main.c:25:1: note: include '<math.h>' or provide a declaration of 'fabs'
   24 | #include "ModBusRTU.h"
  +++ |+#include <math.h>
   25 | /* USER CODE END Includes */
../Core/Src/main.c:441:52: warning: incompatible implicit declaration of built-in function 'fabs' [-Wbuiltin-declaration-mismatch]
  441 |                                                 if(fabs(Pos-Pos_Target) <= 0.2)//Limit
      |                                                    ^~~~
../Core/Src/main.c:441:52: note: include '<math.h>' or provide a declaration of 'fabs'
../Core/Src/main.c:488:52: warning: incompatible implicit declaration of built-in function 'fabs' [-Wbuiltin-declaration-mismatch]
  488 |                                                 if(fabs(Pos-Pos_Target) <= 0.2)//Limit
      |                                                    ^~~~
../Core/Src/main.c:488:52: note: include '<math.h>' or provide a declaration of 'fabs'
../Core/Src/main.c:512:89: warning: statement with no effect [-Wunused-value]
  512 |                                                                 registerFrame[0x10].U16 == 0b0100;
      |                                                                 ~~~~~~~~~~~~~~~~~~~~~~~~^~~~~~~~~
../Core/Src/main.c:522:89: warning: statement with no effect [-Wunused-value]
  522 |                                                                 registerFrame[0x10].U16 == 0b1000;
      |                                                                 ~~~~~~~~~~~~~~~~~~~~~~~~^~~~~~~~~
../Core/Src/main.c: In function 'QEIEncoderPos_Update':
../Core/Src/main.c:1602:41: warning: incompatible implicit declaration of built-in function 'fabs' [-Wbuiltin-declaration-mismatch]
 1602 |                 Pos     = ((QEIReadRaw-(fabs(Count)*57344))*25*3.14)/8192;
      |                                         ^~~~
../Core/Src/main.c:1602:41: note: include '<math.h>' or provide a declaration of 'fabs'
../Core/Src/main.c: In function 'QEIEncoderVel_Update':
../Core/Src/main.c:1638:14: warning: incompatible implicit declaration of built-in function 'fabs' [-Wbuiltin-declaration-mismatch]
 1638 | Accelation = fabs(speed_fill-speed_fill_1)/0.01;
      |              ^~~~
../Core/Src/main.c:1638:14: note: include '<math.h>' or provide a declaration of 'fabs'
../Core/Src/main.c: In function 'Trajectory':
../Core/Src/main.c:1675:62: warning: incompatible implicit declaration of built-in function 'fabs' [-Wbuiltin-declaration-mismatch]
 1675 |                                                           if(fabs(q_Velo) >= Max_Velo)
      |                                                              ^~~~
../Core/Src/main.c:1675:62: note: include '<math.h>' or provide a declaration of 'fabs'
../Core/Src/main.c:1682:62: warning: incompatible implicit declaration of built-in function 'fabs' [-Wbuiltin-declaration-mismatch]
 1682 |                                                           if(fabs((q_Pos-Pos_Start)*2) >= fabs(Pos_Target-Pos_Start))
      |                                                              ^~~~
../Core/Src/main.c:1682:62: note: include '<math.h>' or provide a declaration of 'fabs'
../Core/Src/main.c:1694:62: warning: incompatible implicit declaration of built-in function 'fabs' [-Wbuiltin-declaration-mismatch]
 1694 |                                                           if(fabs(Pos_Target-q_Pos) <= (q_Velo*q_Velo)/(2*Max_Acc))
      |                                                              ^~~~
../Core/Src/main.c:1694:62: note: include '<math.h>' or provide a declaration of 'fabs'
../Core/Src/main.c:1706:62: warning: incompatible implicit declaration of built-in function 'fabs' [-Wbuiltin-declaration-mismatch]
 1706 |                                                           if(fabs(q_Velo) <= 0)
      |                                                              ^~~~
../Core/Src/main.c:1706:62: note: include '<math.h>' or provide a declaration of 'fabs'
In file included from ../Core/Inc/stm32g4xx_hal_conf.h:344:
../Core/Src/main.c: In function 'PIDposition':
../Core/Src/main.c:1768:64: warning: incompatible implicit declaration of built-in function 'fabs' [-Wbuiltin-declaration-mismatch]
 1768 |                   __HAL_TIM_SET_COMPARE(&htim4, TIM_CHANNEL_1, fabs(Velocontrol.Output[NEW]));
      |                                                                ^~~~
../Drivers/STM32G4xx_HAL_Driver/Inc/stm32g4xx_hal_tim.h:1672:72: note: in definition of macro '__HAL_TIM_SET_COMPARE'
 1672 |   (((__CHANNEL__) == TIM_CHANNEL_1) ? ((__HANDLE__)->Instance->CCR1 = (__COMPARE__)) :\
      |                                                                        ^~~~~~~~~~~
../Core/Src/main.c:1768:64: note: include '<math.h>' or provide a declaration of 'fabs'
 1768 |                   __HAL_TIM_SET_COMPARE(&htim4, TIM_CHANNEL_1, fabs(Velocontrol.Output[NEW]));
      |                                                                ^~~~
../Drivers/STM32G4xx_HAL_Driver/Inc/stm32g4xx_hal_tim.h:1672:72: note: in definition of macro '__HAL_TIM_SET_COMPARE'
 1672 |   (((__CHANNEL__) == TIM_CHANNEL_1) ? ((__HANDLE__)->Instance->CCR1 = (__COMPARE__)) :\
      |                                                                        ^~~~~~~~~~~
../Core/Src/main.c: In function 'UpdatePosRoutine':
../Core/Src/main.c:1826:35: warning: incompatible implicit declaration of built-in function 'fabs' [-Wbuiltin-declaration-mismatch]
 1826 |         registerFrame[0x11].U16 = fabs(Pos)*10;
      |                                   ^~~~
../Core/Src/main.c:1826:35: note: include '<math.h>' or provide a declaration of 'fabs'
arm-none-eabi-gcc -o "testnew.elf" @"objects.list"   -mcpu=cortex-m4 -T"C:\Users\AAA\STM32CubeIDE\workspace_1.14.1\StudioOneDOFG.6\testnew\STM32G474RETX_FLASH.ld" --specs=nosys.specs -Wl,-Map="testnew.map" -Wl,--gc-sections -static --specs=nano.specs -mfpu=fpv4-sp-d16 -mfloat-abi=hard -mthumb -Wl,--start-group -lc -lm -Wl,--end-group
C:/ST/STM32CubeIDE_1.14.1/STM32CubeIDE/plugins/com.st.stm32cube.ide.mcu.externaltools.gnu-tools-for-stm32.12.3.rel1.win32_1.0.100.202403111256/tools/bin/../lib/gcc/arm-none-eabi/12.3.1/../../../../arm-none-eabi/bin/ld.exe: warning: testnew.elf has a LOAD segment with RWX permissions
Finished building target: testnew.elf
 
arm-none-eabi-size  testnew.elf 
arm-none-eabi-objdump -h -S testnew.elf  > "testnew.list"
   text	   data	    bss	    dec	    hex	filename
  48300	    556	   6016	  54872	   d658	testnew.elf
Finished building: default.size.stdout
 
Finished building: testnew.list
 
