18:03:42 **** Incremental Build of configuration Debug for project testnew ****
make -j12 all 
arm-none-eabi-gcc "../Core/Src/main.c" -mcpu=cortex-m4 -std=gnu11 -g3 -DDEBUG -DUSE_HAL_DRIVER -DSTM32G474xx -c -I../Core/Inc -I../Drivers/STM32G4xx_HAL_Driver/Inc -I../Drivers/STM32G4xx_HAL_Driver/Inc/Legacy -I../Drivers/CMSIS/Device/ST/STM32G4xx/Include -I../Drivers/CMSIS/Include -O0 -ffunction-sections -fdata-sections -Wall -fstack-usage -fcyclomatic-complexity -MMD -MP -MF"Core/Src/main.d" -MT"Core/Src/main.o" --specs=nano.specs -mfpu=fpv4-sp-d16 -mfloat-abi=hard -mthumb -o "Core/Src/main.o"
../Core/Src/main.c: In function 'main':
../Core/Src/main.c:303:29: warning: passing argument 2 of 'HAL_ADC_Start_DMA' from incompatible pointer type [-Wincompatible-pointer-types]
  303 |   HAL_ADC_Start_DMA(&hadc3, joyAnalogRead, 40);
      |                             ^~~~~~~~~~~~~
      |                             |
      |                             uint16_t * {aka short unsigned int *}
In file included from ../Core/Inc/stm32g4xx_hal_conf.h:228,
                 from ../Drivers/STM32G4xx_HAL_Driver/Inc/stm32g4xx_hal.h:29,
                 from ../Core/Inc/main.h:30,
                 from ../Core/Src/main.c:20:
../Drivers/STM32G4xx_HAL_Driver/Inc/stm32g4xx_hal_adc.h:2242:78: note: expected 'uint32_t *' {aka 'long unsigned int *'} but argument is of type 'uint16_t *' {aka 'short unsigned int *'}
 2242 | HAL_StatusTypeDef       HAL_ADC_Start_DMA(ADC_HandleTypeDef *hadc, uint32_t *pData, uint32_t Length);
      |                                                                    ~~~~~~~~~~^~~~~
../Core/Src/main.c:469:52: warning: implicit declaration of function 'fabs' [-Wimplicit-function-declaration]
  469 |                                                 if(fabs(Pos-Pos_Target) <= 1)//Limit
      |                                                    ^~~~
../Core/Src/main.c:25:1: note: include '<math.h>' or provide a declaration of 'fabs'
   24 | #include "ModBusRTU.h"
  +++ |+#include <math.h>
   25 | /* USER CODE END Includes */
../Core/Src/main.c:469:52: warning: incompatible implicit declaration of built-in function 'fabs' [-Wbuiltin-declaration-mismatch]
  469 |                                                 if(fabs(Pos-Pos_Target) <= 1)//Limit
      |                                                    ^~~~
../Core/Src/main.c:469:52: note: include '<math.h>' or provide a declaration of 'fabs'
../Core/Src/main.c:516:52: warning: incompatible implicit declaration of built-in function 'fabs' [-Wbuiltin-declaration-mismatch]
  516 |                                                 if(fabs(Pos-Pos_Target) <= 1)//Limit
      |                                                    ^~~~
../Core/Src/main.c:516:52: note: include '<math.h>' or provide a declaration of 'fabs'
../Core/Src/main.c: In function 'QEIEncoderVel_Update':
../Core/Src/main.c:1759:4: warning: incompatible implicit declaration of built-in function 'fabs' [-Wbuiltin-declaration-mismatch]
 1759 | if(fabs(speed_fill) < 0.0001 )
      |    ^~~~
../Core/Src/main.c:1759:4: note: include '<math.h>' or provide a declaration of 'fabs'
../Core/Src/main.c:1766:14: warning: incompatible implicit declaration of built-in function 'fabs' [-Wbuiltin-declaration-mismatch]
 1766 | Accelation = fabs(speed_fill-speed_fill_1)/0.01;
      |              ^~~~
../Core/Src/main.c:1766:14: note: include '<math.h>' or provide a declaration of 'fabs'
../Core/Src/main.c: In function 'Trajectory':
../Core/Src/main.c:1803:62: warning: incompatible implicit declaration of built-in function 'fabs' [-Wbuiltin-declaration-mismatch]
 1803 |                                                           if(fabs(q_Velo) >= Max_Velo)
      |                                                              ^~~~
../Core/Src/main.c:1803:62: note: include '<math.h>' or provide a declaration of 'fabs'
../Core/Src/main.c:1810:62: warning: incompatible implicit declaration of built-in function 'fabs' [-Wbuiltin-declaration-mismatch]
 1810 |                                                           if(fabs((q_Pos-Pos_Start)*2) >= fabs(Pos_Target-Pos_Start))
      |                                                              ^~~~
../Core/Src/main.c:1810:62: note: include '<math.h>' or provide a declaration of 'fabs'
../Core/Src/main.c:1822:62: warning: incompatible implicit declaration of built-in function 'fabs' [-Wbuiltin-declaration-mismatch]
 1822 |                                                           if(fabs(Pos_Target-q_Pos) <= (q_Velo*q_Velo)/(2*Max_Acc))
      |                                                              ^~~~
../Core/Src/main.c:1822:62: note: include '<math.h>' or provide a declaration of 'fabs'
../Core/Src/main.c:1834:62: warning: incompatible implicit declaration of built-in function 'fabs' [-Wbuiltin-declaration-mismatch]
 1834 |                                                           if(fabs(q_Velo) <= 0)
      |                                                              ^~~~
../Core/Src/main.c:1834:62: note: include '<math.h>' or provide a declaration of 'fabs'
In file included from ../Core/Inc/stm32g4xx_hal_conf.h:344:
../Core/Src/main.c: In function 'PIDposition':
../Core/Src/main.c:1927:64: warning: incompatible implicit declaration of built-in function 'fabs' [-Wbuiltin-declaration-mismatch]
 1927 |                   __HAL_TIM_SET_COMPARE(&htim4, TIM_CHANNEL_1, fabs(PWMmap));
      |                                                                ^~~~
../Drivers/STM32G4xx_HAL_Driver/Inc/stm32g4xx_hal_tim.h:1672:72: note: in definition of macro '__HAL_TIM_SET_COMPARE'
 1672 |   (((__CHANNEL__) == TIM_CHANNEL_1) ? ((__HANDLE__)->Instance->CCR1 = (__COMPARE__)) :\
      |                                                                        ^~~~~~~~~~~
../Core/Src/main.c:1927:64: note: include '<math.h>' or provide a declaration of 'fabs'
 1927 |                   __HAL_TIM_SET_COMPARE(&htim4, TIM_CHANNEL_1, fabs(PWMmap));
      |                                                                ^~~~
../Drivers/STM32G4xx_HAL_Driver/Inc/stm32g4xx_hal_tim.h:1672:72: note: in definition of macro '__HAL_TIM_SET_COMPARE'
 1672 |   (((__CHANNEL__) == TIM_CHANNEL_1) ? ((__HANDLE__)->Instance->CCR1 = (__COMPARE__)) :\
      |                                                                        ^~~~~~~~~~~
../Core/Src/main.c: In function 'PIDposition2':
../Core/Src/main.c:1963:64: warning: incompatible implicit declaration of built-in function 'fabs' [-Wbuiltin-declaration-mismatch]
 1963 |                   __HAL_TIM_SET_COMPARE(&htim4, TIM_CHANNEL_1, fabs(Velocontrol2.Output[NEW]));
      |                                                                ^~~~
../Drivers/STM32G4xx_HAL_Driver/Inc/stm32g4xx_hal_tim.h:1672:72: note: in definition of macro '__HAL_TIM_SET_COMPARE'
 1672 |   (((__CHANNEL__) == TIM_CHANNEL_1) ? ((__HANDLE__)->Instance->CCR1 = (__COMPARE__)) :\
      |                                                                        ^~~~~~~~~~~
../Core/Src/main.c:1963:64: note: include '<math.h>' or provide a declaration of 'fabs'
 1963 |                   __HAL_TIM_SET_COMPARE(&htim4, TIM_CHANNEL_1, fabs(Velocontrol2.Output[NEW]));
      |                                                                ^~~~
../Drivers/STM32G4xx_HAL_Driver/Inc/stm32g4xx_hal_tim.h:1672:72: note: in definition of macro '__HAL_TIM_SET_COMPARE'
 1672 |   (((__CHANNEL__) == TIM_CHANNEL_1) ? ((__HANDLE__)->Instance->CCR1 = (__COMPARE__)) :\
      |                                                                        ^~~~~~~~~~~
../Core/Src/main.c: In function 'UpdatePosRoutine':
../Core/Src/main.c:2032:35: warning: incompatible implicit declaration of built-in function 'fabs' [-Wbuiltin-declaration-mismatch]
 2032 |         registerFrame[0x11].U16 = fabs(Pos)*10;
      |                                   ^~~~
../Core/Src/main.c:2032:35: note: include '<math.h>' or provide a declaration of 'fabs'
arm-none-eabi-gcc -o "testnew.elf" @"objects.list"   -mcpu=cortex-m4 -T"C:\Users\AAA\STM32CubeIDE\workspace_1.14.1\StudioOneDOFG.6\testnew\STM32G474RETX_FLASH.ld" --specs=nosys.specs -Wl,-Map="testnew.map" -Wl,--gc-sections -static --specs=nano.specs -mfpu=fpv4-sp-d16 -mfloat-abi=hard -mthumb -Wl,--start-group -lc -lm -Wl,--end-group
C:/ST/STM32CubeIDE_1.14.1/STM32CubeIDE/plugins/com.st.stm32cube.ide.mcu.externaltools.gnu-tools-for-stm32.12.3.rel1.win32_1.0.100.202403111256/tools/bin/../lib/gcc/arm-none-eabi/12.3.1/../../../../arm-none-eabi/bin/ld.exe: warning: testnew.elf has a LOAD segment with RWX permissions
Finished building target: testnew.elf
 
arm-none-eabi-size  testnew.elf 
arm-none-eabi-objdump -h -S testnew.elf  > "testnew.list"
   text	   data	    bss	    dec	    hex	filename
  48980	    556	   6120	  55656	   d968	testnew.elf
Finished building: default.size.stdout
 
Finished building: testnew.list
 

18:03:47 Build Finished. 0 errors, 14 warnings. (took 4s.539ms)

